resume at step 2441: dense ckpt val 4.15564 | dense_continue val 4.15564 (delta +0.00e+00)
arm=dense_continue params={'total': 23075328, 'embedding': 4194304, 'non_embedding': 18881024} steps 2441->6103 of 6103 lr=0.00075
step 2500/6103 ce 4.1564 ema 4.0718 lr 5.19e-04 tok/s 62.6k elapsed 8s
  eval step 2500 tokens 20.5M val 4.1576
step 2600/6103 ce 3.9975 ema 4.0454 lr 5.02e-04 tok/s 54.8k elapsed 24s
step 2700/6103 ce 3.9569 ema 4.0174 lr 4.85e-04 tok/s 57.1k elapsed 37s
  eval step 2750 tokens 22.5M val 4.1019
step 2800/6103 ce 4.1478 ema 4.0033 lr 4.68e-04 tok/s 54.8k elapsed 54s
step 2900/6103 ce 3.9828 ema 3.9786 lr 4.50e-04 tok/s 55.6k elapsed 68s
step 3000/6103 ce 4.0363 ema 3.9709 lr 4.33e-04 tok/s 56.1k elapsed 82s
  eval step 3000 tokens 24.6M val 4.0616
step 3100/6103 ce 3.9570 ema 3.9655 lr 4.15e-04 tok/s 54.9k elapsed 98s
step 3200/6103 ce 3.8911 ema 3.9109 lr 3.97e-04 tok/s 55.3k elapsed 112s
  eval step 3250 tokens 26.6M val 4.0182
step 3300/6103 ce 3.9340 ema 3.9135 lr 3.79e-04 tok/s 54.1k elapsed 130s
step 3400/6103 ce 3.9547 ema 3.9061 lr 3.62e-04 tok/s 54.5k elapsed 144s
step 3500/6103 ce 3.9474 ema 3.8704 lr 3.44e-04 tok/s 54.9k elapsed 158s
  eval step 3500 tokens 28.7M val 3.9827
step 3600/6103 ce 3.9606 ema 3.8832 lr 3.27e-04 tok/s 54.1k elapsed 175s
step 3700/6103 ce 3.8388 ema 3.8417 lr 3.10e-04 tok/s 54.4k elapsed 190s
  eval step 3750 tokens 30.7M val 3.9502
step 3800/6103 ce 3.9129 ema 3.8662 lr 2.93e-04 tok/s 53.8k elapsed 207s
step 3900/6103 ce 3.7632 ema 3.8144 lr 2.77e-04 tok/s 54.1k elapsed 221s
step 4000/6103 ce 4.0527 ema 3.8151 lr 2.61e-04 tok/s 54.4k elapsed 235s
  eval step 4000 tokens 32.8M val 3.9199
step 4100/6103 ce 3.8059 ema 3.7923 lr 2.45e-04 tok/s 53.4k elapsed 254s
step 4200/6103 ce 3.7543 ema 3.7867 lr 2.30e-04 tok/s 52.9k elapsed 272s
  eval step 4250 tokens 34.8M val 3.8929
step 4300/6103 ce 3.6730 ema 3.7800 lr 2.16e-04 tok/s 52.3k elapsed 291s
step 4400/6103 ce 3.7884 ema 3.7670 lr 2.01e-04 tok/s 52.4k elapsed 307s
step 4500/6103 ce 3.7458 ema 3.7231 lr 1.88e-04 tok/s 52.4k elapsed 322s
  eval step 4500 tokens 36.9M val 3.8663
step 4600/6103 ce 3.8677 ema 3.7714 lr 1.75e-04 tok/s 52.0k elapsed 340s
step 4700/6103 ce 3.5968 ema 3.7154 lr 1.63e-04 tok/s 52.1k elapsed 355s
  eval step 4750 tokens 38.9M val 3.8464
step 4800/6103 ce 3.7225 ema 3.7283 lr 1.51e-04 tok/s 51.8k elapsed 373s
step 4900/6103 ce 3.5167 ema 3.7320 lr 1.40e-04 tok/s 51.9k elapsed 388s
step 5000/6103 ce 3.8033 ema 3.6879 lr 1.30e-04 tok/s 51.8k elapsed 405s
  eval step 5000 tokens 41.0M val 3.8268
step 5100/6103 ce 3.6167 ema 3.6855 lr 1.21e-04 tok/s 51.0k elapsed 427s
step 5200/6103 ce 3.5543 ema 3.6993 lr 1.12e-04 tok/s 50.6k elapsed 447s
  eval step 5250 tokens 43.0M val 3.8111
step 5300/6103 ce 3.7018 ema 3.6691 lr 1.05e-04 tok/s 49.9k elapsed 470s
step 5400/6103 ce 3.7195 ema 3.6870 lr 9.78e-05 tok/s 49.7k elapsed 488s
step 5500/6103 ce 3.5575 ema 3.6774 lr 9.18e-05 tok/s 49.5k elapsed 506s
  eval step 5500 tokens 45.1M val 3.8010
step 5600/6103 ce 3.5749 ema 3.6762 lr 8.68e-05 tok/s 49.0k elapsed 528s
step 5700/6103 ce 3.5621 ema 3.6651 lr 8.26e-05 tok/s 48.9k elapsed 546s
  eval step 5750 tokens 47.1M val 3.7900
step 5800/6103 ce 3.6083 ema 3.6581 lr 7.93e-05 tok/s 48.5k elapsed 567s
step 5900/6103 ce 3.6181 ema 3.6505 lr 7.69e-05 tok/s 48.4k elapsed 585s
step 6000/6103 ce 3.7367 ema 3.6631 lr 7.55e-05 tok/s 48.3k elapsed 603s
  eval step 6000 tokens 49.2M val 3.7804
step 6100/6103 ce 3.4533 ema 3.6457 lr 7.50e-05 tok/s 47.9k elapsed 626s
step 6103/6103 ce 3.6779 ema 3.6456 lr 7.50e-05 tok/s 47.9k elapsed 627s
  eval step 6103 tokens 50.0M val 3.7778
{
  "arm": "dense_continue",
  "params": {
    "total": 23075328,
    "embedding": 4194304,
    "non_embedding": 18881024
  },
  "batch": 16,
  "seq": 512,
  "lr": 0.00075,
  "start_step": 2441,
  "end_step": 6103,
  "steps_total": 6103,
  "tokens_start": 19996672,
  "tokens_end": 49995776,
  "final_train_ce_ema": 3.6455966548433993,
  "final_val_loss_2M": 3.7800244200980426,
  "val_ppl": 43.81711174067375,
  "tokens_per_s": 47610.69168382051,
  "wall_s": 630.164294719696,
  "peak_mem_allocated_mb": 2215.81396484375,
  "gpu": "NVIDIA GeForce RTX 3060 Laptop GPU",
  "val_at_resume_dense_ckpt": 4.155643361513732,
  "val_at_resume_this_model": 4.155643361513732
}
