69, 210 MHz, 12.74 W, 0 %
68, 210 MHz, 12.72 W, 0 %
68, 210 MHz, 12.72 W, 0 %
68, 210 MHz, 12.70 W, 0 %
68, 210 MHz, 12.69 W, 0 %
68, 210 MHz, 12.70 W, 0 %
68, 210 MHz, 12.67 W, 0 %
67, 210 MHz, 12.62 W, 0 %
68, 210 MHz, 12.59 W, 0 %
68, 210 MHz, 12.62 W, 0 %
68, 210 MHz, 12.54 W, 0 %
68, 210 MHz, 12.56 W, 0 %
70, 1702 MHz, 19.76 W, 2 %
77, 1845 MHz, 45.31 W, 19 %
86, 1867 MHz, 114.47 W, 94 %
87, 1732 MHz, 106.83 W, 87 %
87, 1627 MHz, 94.68 W, 94 %
87, 1620 MHz, 90.95 W, 94 %
85, 1695 MHz, 82.05 W, 87 %
86, 1477 MHz, 78.96 W, 94 %
87, 1537 MHz, 73.46 W, 69 %
87, 1387 MHz, 73.93 W, 100 %
87, 1387 MHz, 74.04 W, 93 %
88, 1387 MHz, 72.98 W, 100 %
88, 1387 MHz, 72.36 W, 95 %
89, 1387 MHz, 73.51 W, 94 %
88, 1297 MHz, 67.94 W, 100 %
88, 1297 MHz, 68.07 W, 100 %
89, 1305 MHz, 67.99 W, 93 %
89, 1252 MHz, 66.91 W, 100 %
89, 1245 MHz, 66.62 W, 96 %
89, 1267 MHz, 66.71 W, 94 %
88, 922 MHz, 59.59 W, 100 %
89, 1260 MHz, 62.69 W, 100 %
88, 982 MHz, 61.27 W, 100 %
89, 1027 MHz, 64.04 W, 100 %
89, 1042 MHz, 62.16 W, 100 %
89, 1027 MHz, 62.45 W, 97 %
89, 1042 MHz, 62.29 W, 96 %
89, 1035 MHz, 60.59 W, 86 %
89, 1102 MHz, 60.18 W, 96 %
88, 742 MHz, 56.01 W, 100 %
88, 750 MHz, 56.38 W, 95 %
88, 772 MHz, 56.09 W, 94 %
88, 915 MHz, 56.28 W, 100 %
88, 750 MHz, 56.29 W, 100 %
88, 757 MHz, 56.32 W, 100 %
88, 780 MHz, 56.41 W, 96 %
88, 772 MHz, 56.22 W, 91 %
88, 952 MHz, 56.25 W, 100 %
89, 742 MHz, 56.33 W, 100 %
88, 750 MHz, 56.38 W, 100 %
88, 750 MHz, 56.33 W, 100 %
88, 787 MHz, 56.35 W, 93 %
88, 765 MHz, 56.25 W, 94 %
88, 757 MHz, 56.28 W, 100 %
89, 757 MHz, 56.26 W, 100 %
89, 780 MHz, 56.27 W, 94 %
89, 780 MHz, 56.28 W, 100 %
89, 735 MHz, 56.26 W, 100 %
89, 750 MHz, 56.33 W, 100 %
88, 787 MHz, 56.31 W, 100 %
89, 735 MHz, 56.30 W, 100 %
89, 742 MHz, 56.29 W, 100 %
89, 757 MHz, 56.28 W, 98 %
89, 727 MHz, 56.33 W, 100 %
89, 772 MHz, 56.40 W, 100 %
89, 727 MHz, 56.35 W, 96 %
88, 532 MHz, 50.33 W, 95 %
89, 742 MHz, 56.74 W, 97 %
89, 795 MHz, 57.37 W, 96 %
89, 742 MHz, 56.58 W, 100 %
89, 750 MHz, 52.65 W, 100 %
89, 742 MHz, 55.99 W, 100 %
89, 720 MHz, 56.08 W, 100 %
89, 720 MHz, 55.76 W, 100 %
88, 487 MHz, 53.15 W, 100 %
89, 742 MHz, 55.86 W, 96 %
89, 780 MHz, 51.91 W, 100 %
89, 697 MHz, 55.42 W, 100 %
89, 690 MHz, 55.44 W, 100 %
89, 675 MHz, 54.69 W, 100 %
89, 660 MHz, 54.70 W, 100 %
89, 742 MHz, 54.79 W, 95 %
89, 697 MHz, 54.67 W, 100 %
89, 667 MHz, 54.68 W, 100 %
89, 682 MHz, 54.69 W, 100 %
89, 675 MHz, 54.69 W, 100 %
89, 742 MHz, 54.82 W, 100 %
89, 690 MHz, 54.63 W, 98 %
89, 667 MHz, 54.70 W, 99 %
89, 705 MHz, 54.56 W, 100 %
89, 682 MHz, 54.73 W, 100 %
89, 660 MHz, 54.66 W, 98 %
89, 652 MHz, 54.67 W, 100 %
89, 690 MHz, 54.80 W, 100 %
89, 862 MHz, 54.77 W, 94 %
89, 720 MHz, 54.96 W, 100 %
89, 450 MHz, 54.98 W, 100 %
89, 435 MHz, 54.26 W, 100 %
89, 772 MHz, 50.86 W, 100 %
88, 532 MHz, 48.61 W, 100 %
88, 480 MHz, 49.17 W, 100 %
88, 465 MHz, 48.64 W, 96 %
88, 480 MHz, 53.49 W, 100 %
89, 667 MHz, 54.73 W, 100 %
89, 637 MHz, 52.13 W, 93 %
89, 645 MHz, 54.14 W, 100 %
89, 675 MHz, 53.94 W, 100 %
89, 645 MHz, 54.14 W, 97 %
88, 517 MHz, 48.31 W, 100 %
88, 465 MHz, 48.71 W, 100 %
89, 712 MHz, 54.34 W, 94 %
89, 637 MHz, 53.77 W, 100 %
89, 615 MHz, 53.70 W, 100 %
88, 427 MHz, 51.71 W, 100 %
89, 720 MHz, 53.91 W, 100 %
89, 645 MHz, 54.12 W, 95 %
89, 682 MHz, 54.77 W, 100 %
88, 487 MHz, 48.65 W, 100 %
88, 480 MHz, 53.30 W, 96 %
89, 697 MHz, 54.88 W, 100 %
89, 697 MHz, 51.63 W, 100 %
89, 667 MHz, 54.74 W, 100 %
89, 667 MHz, 53.77 W, 100 %
89, 637 MHz, 53.85 W, 100 %
89, 667 MHz, 53.88 W, 100 %
89, 690 MHz, 53.97 W, 100 %
89, 652 MHz, 53.32 W, 100 %
89, 645 MHz, 53.31 W, 100 %
89, 622 MHz, 53.40 W, 100 %
89, 615 MHz, 50.99 W, 100 %
89, 607 MHz, 53.25 W, 100 %
89, 615 MHz, 53.30 W, 100 %
89, 637 MHz, 53.07 W, 100 %
89, 652 MHz, 52.20 W, 100 %
89, 637 MHz, 53.14 W, 100 %
89, 607 MHz, 53.47 W, 100 %
89, 697 MHz, 53.41 W, 100 %
88, 517 MHz, 50.52 W, 100 %
89, 592 MHz, 53.11 W, 100 %
89, 607 MHz, 52.26 W, 100 %
89, 577 MHz, 52.42 W, 100 %
88, 577 MHz, 52.40 W, 95 %
89, 585 MHz, 52.56 W, 100 %
88, 607 MHz, 52.35 W, 100 %
89, 592 MHz, 52.33 W, 100 %
89, 585 MHz, 52.31 W, 98 %
89, 585 MHz, 52.34 W, 100 %
89, 630 MHz, 52.31 W, 100 %
89, 585 MHz, 52.46 W, 97 %
89, 585 MHz, 52.46 W, 100 %
88, 585 MHz, 52.36 W, 100 %
88, 615 MHz, 52.37 W, 100 %
88, 637 MHz, 52.21 W, 100 %
88, 585 MHz, 52.43 W, 96 %
88, 607 MHz, 52.27 W, 100 %
88, 585 MHz, 52.35 W, 97 %
88, 600 MHz, 52.42 W, 100 %
88, 592 MHz, 52.31 W, 100 %
88, 577 MHz, 52.24 W, 100 %
88, 772 MHz, 52.02 W, 92 %
88, 577 MHz, 52.19 W, 100 %
88, 607 MHz, 52.15 W, 100 %
89, 832 MHz, 58.78 W, 100 %
88, 780 MHz, 52.32 W, 100 %
88, 592 MHz, 52.58 W, 100 %
88, 585 MHz, 52.02 W, 96 %
88, 577 MHz, 51.96 W, 91 %
89, 840 MHz, 58.45 W, 93 %
88, 660 MHz, 56.43 W, 97 %
89, 847 MHz, 58.92 W, 97 %
88, 600 MHz, 52.37 W, 100 %
89, 855 MHz, 55.17 W, 97 %
88, 615 MHz, 52.46 W, 100 %
89, 847 MHz, 58.87 W, 100 %
88, 570 MHz, 57.29 W, 100 %
88, 577 MHz, 53.22 W, 95 %
88, 607 MHz, 51.98 W, 96 %
88, 622 MHz, 52.14 W, 100 %
89, 825 MHz, 57.02 W, 100 %
89, 585 MHz, 58.10 W, 100 %
88, 637 MHz, 52.43 W, 100 %
88, 562 MHz, 54.98 W, 100 %
88, 802 MHz, 52.94 W, 100 %
89, 802 MHz, 57.81 W, 96 %
88, 555 MHz, 51.23 W, 100 %
89, 802 MHz, 53.83 W, 100 %
88, 772 MHz, 51.63 W, 100 %
89, 817 MHz, 57.72 W, 94 %
88, 555 MHz, 50.88 W, 100 %
89, 787 MHz, 57.31 W, 100 %
89, 877 MHz, 56.44 W, 96 %
89, 660 MHz, 54.77 W, 100 %
89, 667 MHz, 54.53 W, 99 %
88, 660 MHz, 54.64 W, 96 %
89, 652 MHz, 54.63 W, 95 %
89, 660 MHz, 54.81 W, 100 %
88, 712 MHz, 54.55 W, 97 %
88, 682 MHz, 54.49 W, 97 %
89, 705 MHz, 56.40 W, 94 %
89, 675 MHz, 54.94 W, 96 %
89, 720 MHz, 54.77 W, 100 %
89, 705 MHz, 54.86 W, 100 %
89, 675 MHz, 54.85 W, 100 %
89, 720 MHz, 54.80 W, 94 %
88, 697 MHz, 54.83 W, 100 %
88, 675 MHz, 54.97 W, 96 %
88, 712 MHz, 54.81 W, 100 %
88, 675 MHz, 54.86 W, 97 %
88, 757 MHz, 55.00 W, 100 %
88, 682 MHz, 54.90 W, 100 %
89, 682 MHz, 54.93 W, 100 %
88, 697 MHz, 54.81 W, 98 %
88, 690 MHz, 54.84 W, 100 %
88, 712 MHz, 55.67 W, 100 %
88, 832 MHz, 55.67 W, 100 %
89, 735 MHz, 59.70 W, 100 %
88, 750 MHz, 56.25 W, 100 %
89, 1087 MHz, 59.17 W, 100 %
88, 787 MHz, 56.21 W, 90 %
89, 1042 MHz, 62.72 W, 100 %
89, 1132 MHz, 60.85 W, 100 %
89, 960 MHz, 61.10 W, 100 %
88, 735 MHz, 54.64 W, 97 %
89, 690 MHz, 60.34 W, 94 %
89, 1132 MHz, 60.82 W, 100 %
89, 960 MHz, 61.03 W, 100 %
89, 952 MHz, 61.22 W, 100 %
89, 967 MHz, 61.10 W, 100 %
89, 982 MHz, 60.54 W, 75 %
89, 982 MHz, 61.26 W, 92 %
89, 1072 MHz, 62.10 W, 96 %
89, 810 MHz, 57.78 W, 95 %
88, 847 MHz, 58.04 W, 96 %
88, 825 MHz, 58.23 W, 100 %
89, 892 MHz, 58.08 W, 98 %
88, 870 MHz, 57.78 W, 96 %
88, 840 MHz, 58.09 W, 100 %
88, 915 MHz, 58.16 W, 98 %
88, 877 MHz, 58.01 W, 90 %
