76, 210 MHz, 13.82 W, 0 %
87, 1447 MHz, 77.04 W, 94 %
87, 1387 MHz, 73.19 W, 96 %
88, 1387 MHz, 74.57 W, 99 %
88, 1305 MHz, 69.50 W, 98 %
89, 1305 MHz, 69.08 W, 100 %
89, 1177 MHz, 65.14 W, 93 %
88, 952 MHz, 63.78 W, 100 %
89, 1237 MHz, 63.55 W, 95 %
88, 907 MHz, 59.95 W, 100 %
89, 1140 MHz, 61.00 W, 100 %
89, 982 MHz, 60.96 W, 95 %
89, 1132 MHz, 60.93 W, 100 %
89, 1132 MHz, 55.57 W, 92 %
89, 960 MHz, 60.69 W, 100 %
89, 930 MHz, 60.50 W, 93 %
88, 622 MHz, 59.29 W, 100 %
88, 825 MHz, 61.77 W, 95 %
88, 847 MHz, 57.96 W, 89 %
89, 1147 MHz, 62.05 W, 99 %
89, 877 MHz, 59.51 W, 100 %
89, 1035 MHz, 59.23 W, 100 %
89, 907 MHz, 59.09 W, 87 %
89, 900 MHz, 58.97 W, 96 %
89, 855 MHz, 58.75 W, 98 %
88, 592 MHz, 54.31 W, 100 %
89, 832 MHz, 59.03 W, 100 %
89, 1020 MHz, 60.24 W, 100 %
88, 720 MHz, 59.00 W, 96 %
88, 832 MHz, 57.99 W, 95 %
88, 1147 MHz, 56.07 W, 93 %
89, 1087 MHz, 59.38 W, 100 %
89, 870 MHz, 59.31 W, 100 %
88, 690 MHz, 54.96 W, 99 %
88, 735 MHz, 54.53 W, 95 %
89, 892 MHz, 53.94 W, 100 %
89, 817 MHz, 58.60 W, 100 %
89, 870 MHz, 58.13 W, 88 %
89, 832 MHz, 57.76 W, 100 %
88, 862 MHz, 53.69 W, 100 %
89, 1095 MHz, 56.23 W, 90 %
89, 825 MHz, 58.54 W, 100 %
89, 877 MHz, 58.45 W, 93 %
89, 832 MHz, 58.36 W, 97 %
88, 712 MHz, 54.93 W, 100 %
88, 697 MHz, 54.77 W, 100 %
88, 675 MHz, 54.93 W, 100 %
88, 682 MHz, 54.89 W, 100 %
88, 1020 MHz, 55.76 W, 97 %
89, 795 MHz, 57.68 W, 100 %
89, 795 MHz, 57.51 W, 100 %
88, 907 MHz, 57.55 W, 98 %
88, 802 MHz, 57.48 W, 95 %
88, 795 MHz, 57.45 W, 96 %
89, 780 MHz, 57.66 W, 100 %
89, 787 MHz, 57.61 W, 100 %
83, 210 MHz, 21.67 W, 0 %
79, 210 MHz, 14.39 W, 0 %
