61, 210 MHz, 12.08 W, 0 %
61, 210 MHz, 12.05 W, 0 %
73, 1882 MHz, 60.19 W, 99 %
79, 1830 MHz, 114.39 W, 99 %
82, 1815 MHz, 114.62 W, 99 %
84, 1800 MHz, 114.58 W, 99 %
86, 1785 MHz, 114.61 W, 99 %
86, 1710 MHz, 100.51 W, 98 %
87, 1590 MHz, 93.09 W, 97 %
87, 1575 MHz, 85.46 W, 99 %
87, 1440 MHz, 78.24 W, 99 %
87, 1387 MHz, 73.83 W, 99 %
88, 1387 MHz, 73.83 W, 99 %
89, 1387 MHz, 74.17 W, 99 %
89, 1282 MHz, 68.51 W, 100 %
88, 1095 MHz, 61.55 W, 99 %
89, 1155 MHz, 61.28 W, 99 %
89, 885 MHz, 56.02 W, 100 %
88, 547 MHz, 55.99 W, 100 %
88, 585 MHz, 50.96 W, 99 %
77, 1852 MHz, 115.62 W, 100 %
83, 1800 MHz, 114.30 W, 97 %
85, 1740 MHz, 114.72 W, 99 %
87, 1755 MHz, 112.56 W, 99 %
87, 1687 MHz, 100.05 W, 100 %
87, 1567 MHz, 92.41 W, 99 %
87, 1485 MHz, 86.09 W, 99 %
87, 1485 MHz, 80.13 W, 99 %
86, 1455 MHz, 75.35 W, 99 %
87, 1402 MHz, 73.84 W, 98 %
87, 1402 MHz, 72.36 W, 95 %
87, 1387 MHz, 72.54 W, 95 %
88, 1387 MHz, 72.49 W, 96 %
88, 1387 MHz, 70.99 W, 89 %
88, 1387 MHz, 71.35 W, 100 %
89, 1387 MHz, 71.24 W, 100 %
89, 1387 MHz, 68.93 W, 96 %
89, 1312 MHz, 68.42 W, 97 %
89, 1305 MHz, 68.39 W, 97 %
89, 1297 MHz, 65.13 W, 96 %
89, 1252 MHz, 65.17 W, 97 %
89, 1327 MHz, 66.50 W, 100 %
88, 1020 MHz, 61.38 W, 98 %
88, 1012 MHz, 61.16 W, 98 %
88, 1185 MHz, 61.45 W, 100 %
89, 990 MHz, 61.23 W, 98 %
89, 1005 MHz, 61.25 W, 98 %
89, 1177 MHz, 61.33 W, 100 %
89, 1005 MHz, 59.46 W, 96 %
89, 975 MHz, 60.28 W, 98 %
88, 262 MHz, 59.07 W, 91 %
89, 997 MHz, 56.27 W, 94 %
89, 967 MHz, 60.22 W, 91 %
89, 1072 MHz, 60.70 W, 100 %
89, 945 MHz, 60.39 W, 96 %
89, 997 MHz, 60.56 W, 98 %
89, 997 MHz, 60.54 W, 100 %
89, 922 MHz, 57.64 W, 100 %
89, 892 MHz, 59.14 W, 92 %
89, 1050 MHz, 60.73 W, 95 %
88, 705 MHz, 54.55 W, 100 %
89, 907 MHz, 60.64 W, 100 %
89, 877 MHz, 58.90 W, 100 %
89, 907 MHz, 59.11 W, 96 %
89, 915 MHz, 56.68 W, 97 %
88, 697 MHz, 58.09 W, 97 %
88, 720 MHz, 55.58 W, 95 %
88, 712 MHz, 54.83 W, 96 %
88, 697 MHz, 54.86 W, 97 %
88, 720 MHz, 54.91 W, 99 %
89, 847 MHz, 54.75 W, 95 %
88, 915 MHz, 54.67 W, 97 %
88, 900 MHz, 54.73 W, 97 %
88, 697 MHz, 54.84 W, 98 %
88, 712 MHz, 54.85 W, 96 %
88, 697 MHz, 54.86 W, 100 %
88, 712 MHz, 54.82 W, 100 %
88, 720 MHz, 54.93 W, 100 %
88, 735 MHz, 54.84 W, 100 %
88, 727 MHz, 54.91 W, 100 %
88, 697 MHz, 54.94 W, 100 %
88, 727 MHz, 54.85 W, 96 %
88, 675 MHz, 56.24 W, 100 %
89, 877 MHz, 57.71 W, 100 %
89, 862 MHz, 57.94 W, 95 %
88, 607 MHz, 55.34 W, 95 %
89, 922 MHz, 58.86 W, 95 %
89, 937 MHz, 57.25 W, 96 %
89, 922 MHz, 59.24 W, 100 %
88, 742 MHz, 55.77 W, 100 %
88, 1012 MHz, 55.98 W, 100 %
88, 937 MHz, 55.81 W, 100 %
88, 750 MHz, 55.65 W, 100 %
89, 772 MHz, 55.88 W, 95 %
88, 787 MHz, 55.88 W, 95 %
88, 742 MHz, 55.18 W, 98 %
88, 720 MHz, 55.03 W, 95 %
88, 735 MHz, 55.17 W, 99 %
88, 1035 MHz, 55.03 W, 100 %
89, 727 MHz, 60.18 W, 93 %
88, 727 MHz, 54.76 W, 100 %
89, 900 MHz, 58.93 W, 98 %
89, 847 MHz, 53.84 W, 95 %
89, 855 MHz, 57.53 W, 98 %
89, 840 MHz, 57.45 W, 93 %
89, 847 MHz, 57.50 W, 95 %
89, 832 MHz, 57.39 W, 100 %
89, 1282 MHz, 56.65 W, 66 %
89, 817 MHz, 57.12 W, 98 %
89, 825 MHz, 56.15 W, 100 %
89, 817 MHz, 56.17 W, 96 %
89, 765 MHz, 56.16 W, 100 %
89, 765 MHz, 56.29 W, 100 %
89, 765 MHz, 56.36 W, 96 %
88, 982 MHz, 53.61 W, 100 %
88, 675 MHz, 53.66 W, 100 %
89, 592 MHz, 57.90 W, 100 %
89, 870 MHz, 58.79 W, 97 %
89, 1117 MHz, 57.89 W, 96 %
88, 607 MHz, 53.15 W, 100 %
88, 570 MHz, 56.06 W, 100 %
88, 600 MHz, 53.62 W, 97 %
89, 840 MHz, 57.81 W, 100 %
89, 1117 MHz, 57.95 W, 100 %
89, 787 MHz, 57.22 W, 98 %
89, 802 MHz, 57.18 W, 100 %
89, 840 MHz, 56.65 W, 96 %
89, 787 MHz, 56.42 W, 100 %
89, 787 MHz, 56.60 W, 100 %
89, 712 MHz, 54.84 W, 98 %
89, 757 MHz, 55.72 W, 100 %
89, 682 MHz, 54.43 W, 98 %
89, 697 MHz, 54.36 W, 97 %
89, 795 MHz, 54.38 W, 98 %
89, 780 MHz, 54.36 W, 100 %
88, 712 MHz, 53.86 W, 78 %
89, 825 MHz, 54.36 W, 100 %
88, 592 MHz, 50.59 W, 82 %
89, 607 MHz, 52.18 W, 94 %
89, 585 MHz, 52.29 W, 95 %
88, 600 MHz, 52.32 W, 100 %
89, 630 MHz, 52.45 W, 100 %
89, 720 MHz, 55.02 W, 100 %
89, 780 MHz, 54.04 W, 96 %
89, 690 MHz, 54.03 W, 100 %
89, 682 MHz, 53.92 W, 100 %
89, 660 MHz, 53.96 W, 100 %
89, 660 MHz, 54.00 W, 97 %
88, 682 MHz, 54.05 W, 95 %
88, 675 MHz, 54.33 W, 97 %
88, 675 MHz, 54.17 W, 96 %
89, 675 MHz, 54.15 W, 100 %
89, 675 MHz, 54.03 W, 100 %
88, 660 MHz, 54.16 W, 97 %
89, 682 MHz, 54.21 W, 97 %
89, 667 MHz, 54.13 W, 97 %
89, 667 MHz, 53.92 W, 84 %
89, 667 MHz, 54.17 W, 100 %
89, 675 MHz, 54.07 W, 96 %
89, 705 MHz, 54.13 W, 96 %
89, 682 MHz, 54.09 W, 100 %
89, 682 MHz, 54.09 W, 100 %
89, 690 MHz, 54.07 W, 98 %
89, 682 MHz, 54.07 W, 96 %
89, 682 MHz, 54.08 W, 96 %
89, 675 MHz, 54.17 W, 100 %
89, 682 MHz, 53.73 W, 100 %
89, 697 MHz, 54.15 W, 100 %
88, 772 MHz, 54.04 W, 95 %
88, 697 MHz, 54.37 W, 97 %
88, 697 MHz, 54.40 W, 96 %
88, 667 MHz, 54.35 W, 95 %
88, 690 MHz, 54.50 W, 100 %
88, 682 MHz, 54.49 W, 97 %
88, 795 MHz, 54.28 W, 100 %
88, 712 MHz, 54.98 W, 100 %
88, 697 MHz, 54.47 W, 96 %
88, 810 MHz, 57.89 W, 100 %
88, 705 MHz, 54.17 W, 100 %
88, 675 MHz, 57.99 W, 100 %
89, 1282 MHz, 59.07 W, 100 %
88, 892 MHz, 57.74 W, 96 %
88, 862 MHz, 54.98 W, 90 %
89, 870 MHz, 57.97 W, 100 %
89, 825 MHz, 57.70 W, 93 %
89, 900 MHz, 57.69 W, 97 %
88, 570 MHz, 55.72 W, 100 %
89, 877 MHz, 57.94 W, 97 %
89, 810 MHz, 57.89 W, 100 %
89, 855 MHz, 57.82 W, 97 %
89, 862 MHz, 57.84 W, 100 %
89, 930 MHz, 57.94 W, 100 %
89, 847 MHz, 57.97 W, 95 %
89, 840 MHz, 57.98 W, 98 %
89, 840 MHz, 58.01 W, 99 %
89, 862 MHz, 58.03 W, 87 %
89, 855 MHz, 57.81 W, 100 %
89, 885 MHz, 57.93 W, 96 %
89, 825 MHz, 57.97 W, 96 %
89, 847 MHz, 57.42 W, 100 %
89, 825 MHz, 57.88 W, 100 %
89, 825 MHz, 57.78 W, 100 %
89, 787 MHz, 54.60 W, 95 %
89, 795 MHz, 56.65 W, 96 %
89, 862 MHz, 56.56 W, 98 %
89, 765 MHz, 56.67 W, 100 %
89, 787 MHz, 56.51 W, 100 %
89, 772 MHz, 56.54 W, 88 %
88, 945 MHz, 56.79 W, 97 %
89, 772 MHz, 56.68 W, 97 %
89, 772 MHz, 56.06 W, 99 %
89, 1050 MHz, 56.91 W, 100 %
89, 772 MHz, 56.52 W, 100 %
89, 915 MHz, 56.92 W, 97 %
89, 795 MHz, 56.54 W, 100 %
89, 1080 MHz, 56.97 W, 100 %
89, 765 MHz, 56.41 W, 98 %
89, 637 MHz, 52.72 W, 48 %
89, 862 MHz, 54.91 W, 89 %
89, 997 MHz, 54.09 W, 91 %
84, 247 MHz, 28.09 W, 0 %
81, 210 MHz, 15.07 W, 0 %
80, 210 MHz, 14.40 W, 0 %
79, 210 MHz, 14.14 W, 0 %
78, 210 MHz, 14.04 W, 0 %
78, 210 MHz, 13.95 W, 0 %
77, 210 MHz, 13.84 W, 0 %
76, 210 MHz, 13.77 W, 0 %
75, 210 MHz, 13.76 W, 0 %
75, 210 MHz, 13.68 W, 0 %
75, 210 MHz, 13.60 W, 0 %
74, 210 MHz, 13.57 W, 0 %
74, 210 MHz, 13.53 W, 0 %
74, 210 MHz, 13.44 W, 0 %
74, 210 MHz, 13.44 W, 0 %
73, 210 MHz, 13.38 W, 0 %
73, 210 MHz, 13.37 W, 0 %
73, 210 MHz, 13.30 W, 0 %
73, 210 MHz, 13.44 W, 0 %
73, 210 MHz, 13.49 W, 0 %
73, 210 MHz, 13.51 W, 0 %
73, 210 MHz, 13.53 W, 0 %
73, 210 MHz, 13.52 W, 0 %
73, 210 MHz, 13.53 W, 0 %
73, 210 MHz, 13.53 W, 0 %
73, 210 MHz, 13.53 W, 0 %
73, 210 MHz, 13.53 W, 0 %
73, 210 MHz, 13.51 W, 0 %
73, 210 MHz, 13.49 W, 0 %
73, 210 MHz, 13.51 W, 0 %
73, 210 MHz, 13.46 W, 0 %
73, 210 MHz, 13.40 W, 0 %
73, 210 MHz, 13.44 W, 0 %
73, 210 MHz, 13.49 W, 0 %
73, 210 MHz, 13.45 W, 0 %
73, 210 MHz, 13.42 W, 0 %
73, 210 MHz, 13.39 W, 0 %
73, 210 MHz, 13.32 W, 0 %
72, 210 MHz, 13.10 W, 0 %
72, 210 MHz, 13.01 W, 0 %
71, 210 MHz, 13.10 W, 0 %
71, 210 MHz, 12.98 W, 0 %
70, 210 MHz, 12.94 W, 0 %
70, 210 MHz, 12.96 W, 0 %
70, 210 MHz, 12.91 W, 0 %
70, 210 MHz, 12.88 W, 0 %
70, 210 MHz, 12.93 W, 0 %
70, 210 MHz, 12.89 W, 0 %
70, 210 MHz, 12.91 W, 0 %
70, 210 MHz, 12.79 W, 0 %
70, 210 MHz, 12.74 W, 0 %
70, 210 MHz, 12.81 W, 0 %
69, 210 MHz, 12.90 W, 0 %
69, 210 MHz, 12.83 W, 0 %
69, 210 MHz, 12.83 W, 0 %
69, 210 MHz, 12.82 W, 0 %
69, 210 MHz, 12.80 W, 0 %
69, 210 MHz, 12.76 W, 0 %
69, 210 MHz, 12.78 W, 0 %
69, 210 MHz, 12.67 W, 0 %
69, 210 MHz, 12.78 W, 0 %
69, 210 MHz, 12.78 W, 0 %
69, 210 MHz, 12.77 W, 0 %
69, 210 MHz, 12.73 W, 0 %
69, 210 MHz, 12.81 W, 0 %
69, 210 MHz, 12.72 W, 0 %
69, 210 MHz, 12.76 W, 0 %
69, 210 MHz, 12.86 W, 0 %
69, 210 MHz, 12.72 W, 0 %
68, 210 MHz, 12.71 W, 0 %
68, 210 MHz, 12.76 W, 0 %
69, 210 MHz, 12.72 W, 0 %
69, 210 MHz, 12.72 W, 0 %
69, 210 MHz, 12.69 W, 0 %
