68, 210 MHz, 12.54 W, 0 %
68, 210 MHz, 12.51 W, 0 %
71, 1702 MHz, 30.34 W, 0 %
85, 1860 MHz, 114.43 W, 95 %
87, 1777 MHz, 112.58 W, 83 %
86, 1650 MHz, 95.81 W, 100 %
86, 1612 MHz, 87.07 W, 100 %
87, 1552 MHz, 84.71 W, 94 %
87, 1515 MHz, 82.11 W, 100 %
87, 1455 MHz, 71.76 W, 24 %
87, 1395 MHz, 74.02 W, 100 %
87, 1387 MHz, 72.91 W, 90 %
87, 1387 MHz, 73.21 W, 100 %
88, 1387 MHz, 71.80 W, 100 %
89, 1387 MHz, 73.76 W, 100 %
89, 1387 MHz, 73.71 W, 94 %
88, 1297 MHz, 66.36 W, 93 %
88, 1387 MHz, 68.09 W, 93 %
89, 1282 MHz, 67.96 W, 95 %
89, 1267 MHz, 66.56 W, 93 %
89, 1252 MHz, 66.48 W, 100 %
89, 1237 MHz, 66.66 W, 94 %
88, 967 MHz, 62.65 W, 94 %
88, 1042 MHz, 61.38 W, 100 %
88, 1005 MHz, 61.22 W, 94 %
88, 1057 MHz, 62.44 W, 97 %
89, 1042 MHz, 62.22 W, 100 %
89, 1050 MHz, 62.46 W, 95 %
89, 780 MHz, 62.40 W, 96 %
88, 735 MHz, 55.71 W, 100 %
88, 772 MHz, 55.99 W, 96 %
88, 757 MHz, 56.46 W, 100 %
88, 1125 MHz, 55.96 W, 94 %
89, 765 MHz, 61.00 W, 96 %
88, 757 MHz, 56.20 W, 94 %
88, 937 MHz, 56.41 W, 100 %
88, 742 MHz, 54.73 W, 100 %
88, 772 MHz, 56.35 W, 100 %
88, 772 MHz, 56.46 W, 95 %
88, 787 MHz, 56.06 W, 95 %
88, 787 MHz, 56.36 W, 95 %
88, 742 MHz, 56.31 W, 100 %
88, 742 MHz, 56.38 W, 100 %
88, 757 MHz, 56.38 W, 96 %
88, 787 MHz, 56.28 W, 94 %
89, 855 MHz, 56.27 W, 100 %
89, 742 MHz, 56.34 W, 100 %
89, 757 MHz, 56.29 W, 100 %
88, 742 MHz, 56.31 W, 100 %
89, 735 MHz, 56.21 W, 100 %
89, 735 MHz, 56.46 W, 100 %
89, 780 MHz, 56.26 W, 100 %
89, 735 MHz, 56.19 W, 95 %
89, 750 MHz, 56.27 W, 100 %
89, 742 MHz, 56.29 W, 100 %
89, 742 MHz, 56.31 W, 96 %
89, 772 MHz, 56.32 W, 96 %
88, 525 MHz, 53.19 W, 100 %
89, 780 MHz, 56.71 W, 93 %
88, 585 MHz, 51.60 W, 96 %
89, 772 MHz, 56.64 W, 95 %
89, 982 MHz, 56.38 W, 96 %
89, 877 MHz, 55.84 W, 96 %
89, 757 MHz, 56.01 W, 100 %
88, 495 MHz, 51.70 W, 100 %
89, 727 MHz, 55.81 W, 100 %
89, 712 MHz, 55.85 W, 100 %
89, 720 MHz, 55.84 W, 100 %
89, 712 MHz, 55.44 W, 100 %
89, 727 MHz, 55.37 W, 100 %
89, 682 MHz, 54.71 W, 100 %
89, 667 MHz, 54.83 W, 95 %
89, 667 MHz, 54.75 W, 100 %
89, 697 MHz, 54.71 W, 96 %
89, 690 MHz, 54.63 W, 96 %
89, 675 MHz, 54.71 W, 100 %
89, 682 MHz, 54.69 W, 100 %
89, 652 MHz, 54.71 W, 100 %
89, 712 MHz, 54.74 W, 98 %
89, 682 MHz, 54.66 W, 100 %
89, 690 MHz, 54.61 W, 99 %
89, 690 MHz, 54.66 W, 98 %
89, 660 MHz, 54.79 W, 100 %
89, 667 MHz, 54.73 W, 100 %
89, 667 MHz, 54.73 W, 96 %
89, 742 MHz, 55.08 W, 95 %
88, 480 MHz, 53.79 W, 100 %
89, 682 MHz, 54.92 W, 100 %
89, 697 MHz, 54.42 W, 94 %
88, 457 MHz, 51.29 W, 100 %
89, 697 MHz, 54.83 W, 94 %
89, 525 MHz, 54.39 W, 100 %
88, 472 MHz, 51.17 W, 100 %
89, 727 MHz, 54.89 W, 95 %
89, 667 MHz, 54.02 W, 100 %
89, 750 MHz, 54.74 W, 97 %
89, 652 MHz, 54.22 W, 95 %
89, 675 MHz, 53.94 W, 100 %
89, 645 MHz, 53.97 W, 100 %
88, 465 MHz, 48.44 W, 100 %
89, 675 MHz, 54.60 W, 100 %
89, 742 MHz, 52.62 W, 95 %
89, 645 MHz, 53.73 W, 100 %
89, 622 MHz, 53.72 W, 99 %
89, 802 MHz, 53.66 W, 93 %
89, 757 MHz, 53.98 W, 96 %
89, 637 MHz, 54.09 W, 100 %
88, 457 MHz, 48.45 W, 100 %
88, 457 MHz, 52.91 W, 93 %
89, 720 MHz, 54.84 W, 100 %
89, 697 MHz, 51.53 W, 100 %
88, 465 MHz, 48.81 W, 100 %
89, 675 MHz, 50.30 W, 100 %
89, 652 MHz, 53.80 W, 100 %
89, 637 MHz, 53.86 W, 100 %
89, 660 MHz, 53.89 W, 100 %
89, 675 MHz, 53.99 W, 94 %
89, 660 MHz, 53.22 W, 94 %
89, 622 MHz, 53.41 W, 100 %
89, 615 MHz, 53.48 W, 100 %
88, 412 MHz, 48.18 W, 100 %
89, 615 MHz, 53.28 W, 98 %
89, 600 MHz, 53.28 W, 93 %
89, 615 MHz, 53.17 W, 100 %
88, 405 MHz, 50.46 W, 100 %
89, 607 MHz, 53.22 W, 100 %
89, 622 MHz, 53.20 W, 100 %
89, 645 MHz, 53.44 W, 64 %
88, 547 MHz, 50.06 W, 100 %
88, 1380 MHz, 52.45 W, 100 %
89, 577 MHz, 52.44 W, 100 %
89, 585 MHz, 52.26 W, 100 %
88, 607 MHz, 52.24 W, 95 %
88, 637 MHz, 52.35 W, 100 %
89, 585 MHz, 52.42 W, 100 %
89, 607 MHz, 52.47 W, 96 %
89, 577 MHz, 52.41 W, 100 %
88, 637 MHz, 52.41 W, 100 %
89, 592 MHz, 52.37 W, 100 %
89, 592 MHz, 52.51 W, 95 %
89, 577 MHz, 52.37 W, 100 %
89, 600 MHz, 52.46 W, 100 %
89, 592 MHz, 52.47 W, 96 %
89, 592 MHz, 52.47 W, 100 %
88, 682 MHz, 52.21 W, 94 %
88, 600 MHz, 52.47 W, 100 %
88, 585 MHz, 52.44 W, 100 %
88, 585 MHz, 52.42 W, 100 %
88, 622 MHz, 52.40 W, 100 %
88, 615 MHz, 52.06 W, 100 %
88, 667 MHz, 52.29 W, 100 %
88, 615 MHz, 52.21 W, 97 %
88, 600 MHz, 52.32 W, 100 %
88, 592 MHz, 52.26 W, 100 %
88, 607 MHz, 52.28 W, 100 %
89, 577 MHz, 58.52 W, 100 %
88, 585 MHz, 56.78 W, 100 %
88, 637 MHz, 56.49 W, 87 %
89, 870 MHz, 58.36 W, 92 %
89, 870 MHz, 58.62 W, 98 %
88, 600 MHz, 52.53 W, 100 %
88, 592 MHz, 52.60 W, 96 %
88, 622 MHz, 52.35 W, 100 %
89, 877 MHz, 57.93 W, 97 %
89, 855 MHz, 53.68 W, 100 %
89, 862 MHz, 54.39 W, 100 %
89, 847 MHz, 58.39 W, 98 %
89, 832 MHz, 58.77 W, 100 %
89, 577 MHz, 58.19 W, 95 %
88, 592 MHz, 56.42 W, 100 %
88, 810 MHz, 51.91 W, 97 %
88, 600 MHz, 52.63 W, 100 %
89, 832 MHz, 57.38 W, 100 %
89, 847 MHz, 58.34 W, 97 %
88, 562 MHz, 51.32 W, 97 %
88, 547 MHz, 53.93 W, 97 %
88, 585 MHz, 53.52 W, 100 %
88, 585 MHz, 51.45 W, 100 %
89, 832 MHz, 57.63 W, 95 %
89, 787 MHz, 57.52 W, 100 %
89, 772 MHz, 57.35 W, 100 %
88, 810 MHz, 52.47 W, 100 %
88, 667 MHz, 47.86 W, 96 %
89, 675 MHz, 54.54 W, 100 %
89, 660 MHz, 54.57 W, 100 %
89, 667 MHz, 54.67 W, 100 %
89, 660 MHz, 54.51 W, 100 %
89, 667 MHz, 54.58 W, 79 %
89, 787 MHz, 54.56 W, 97 %
88, 667 MHz, 54.65 W, 100 %
89, 690 MHz, 54.85 W, 100 %
89, 802 MHz, 54.86 W, 96 %
89, 697 MHz, 54.85 W, 100 %
89, 682 MHz, 54.91 W, 100 %
89, 787 MHz, 54.91 W, 98 %
88, 697 MHz, 54.96 W, 97 %
89, 667 MHz, 54.90 W, 100 %
88, 697 MHz, 55.01 W, 98 %
88, 712 MHz, 54.78 W, 100 %
89, 667 MHz, 54.85 W, 100 %
88, 705 MHz, 54.91 W, 100 %
88, 675 MHz, 54.83 W, 100 %
88, 675 MHz, 54.92 W, 100 %
88, 712 MHz, 54.76 W, 92 %
88, 720 MHz, 55.69 W, 100 %
88, 742 MHz, 55.66 W, 100 %
89, 712 MHz, 60.55 W, 93 %
88, 922 MHz, 56.40 W, 100 %
88, 750 MHz, 56.33 W, 100 %
88, 772 MHz, 56.56 W, 96 %
89, 1072 MHz, 57.29 W, 97 %
88, 435 MHz, 61.71 W, 92 %
89, 930 MHz, 61.09 W, 93 %
88, 660 MHz, 56.56 W, 100 %
89, 982 MHz, 56.07 W, 100 %
89, 952 MHz, 61.33 W, 100 %
89, 967 MHz, 60.98 W, 100 %
89, 1140 MHz, 61.36 W, 93 %
89, 1117 MHz, 61.18 W, 95 %
88, 667 MHz, 54.68 W, 100 %
89, 982 MHz, 59.86 W, 100 %
88, 877 MHz, 56.26 W, 97 %
89, 832 MHz, 59.47 W, 98 %
88, 817 MHz, 58.09 W, 98 %
89, 825 MHz, 58.27 W, 100 %
89, 810 MHz, 58.21 W, 100 %
89, 847 MHz, 58.00 W, 96 %
88, 832 MHz, 58.36 W, 100 %
88, 825 MHz, 58.26 W, 100 %
89, 855 MHz, 58.12 W, 91 %
