68, 210 MHz, 12.84 W, 0 %
85, 1815 MHz, 114.51 W, 98 %
87, 1635 MHz, 97.73 W, 100 %
86, 1530 MHz, 82.93 W, 100 %
86, 1447 MHz, 77.79 W, 100 %
86, 1387 MHz, 73.97 W, 100 %
88, 1387 MHz, 74.11 W, 98 %
88, 1387 MHz, 74.49 W, 97 %
88, 1305 MHz, 69.44 W, 100 %
89, 1305 MHz, 69.46 W, 100 %
88, 1095 MHz, 63.73 W, 100 %
88, 1095 MHz, 63.58 W, 100 %
88, 1080 MHz, 63.67 W, 100 %
88, 1087 MHz, 63.79 W, 100 %
89, 1080 MHz, 63.78 W, 99 %
89, 1095 MHz, 63.78 W, 99 %
89, 1095 MHz, 63.67 W, 100 %
88, 862 MHz, 59.27 W, 100 %
89, 967 MHz, 65.81 W, 100 %
88, 862 MHz, 59.24 W, 100 %
88, 877 MHz, 59.25 W, 100 %
88, 862 MHz, 59.26 W, 100 %
88, 847 MHz, 59.08 W, 100 %
89, 885 MHz, 62.05 W, 100 %
88, 937 MHz, 59.38 W, 99 %
89, 870 MHz, 59.35 W, 100 %
89, 885 MHz, 59.24 W, 96 %
88, 877 MHz, 59.44 W, 100 %
88, 900 MHz, 59.22 W, 96 %
88, 885 MHz, 59.26 W, 98 %
88, 862 MHz, 59.43 W, 100 %
89, 907 MHz, 59.23 W, 96 %
89, 877 MHz, 59.30 W, 100 %
89, 847 MHz, 59.44 W, 100 %
89, 892 MHz, 59.23 W, 100 %
89, 870 MHz, 59.23 W, 96 %
89, 862 MHz, 59.27 W, 100 %
89, 885 MHz, 59.37 W, 100 %
89, 862 MHz, 59.31 W, 100 %
89, 862 MHz, 59.18 W, 97 %
89, 855 MHz, 59.35 W, 100 %
89, 937 MHz, 59.46 W, 100 %
89, 862 MHz, 59.45 W, 100 %
89, 885 MHz, 59.32 W, 98 %
89, 877 MHz, 59.31 W, 98 %
89, 862 MHz, 59.29 W, 100 %
89, 862 MHz, 59.33 W, 100 %
89, 855 MHz, 59.24 W, 99 %
89, 870 MHz, 59.02 W, 99 %
89, 862 MHz, 59.05 W, 99 %
89, 840 MHz, 59.19 W, 100 %
89, 877 MHz, 58.70 W, 100 %
89, 855 MHz, 59.47 W, 100 %
89, 855 MHz, 59.47 W, 100 %
89, 877 MHz, 59.34 W, 100 %
89, 945 MHz, 59.81 W, 100 %
89, 877 MHz, 59.32 W, 99 %
89, 877 MHz, 59.30 W, 98 %
89, 870 MHz, 59.19 W, 99 %
89, 870 MHz, 59.21 W, 99 %
88, 862 MHz, 57.42 W, 100 %
89, 847 MHz, 58.93 W, 100 %
88, 847 MHz, 58.95 W, 98 %
89, 832 MHz, 59.04 W, 100 %
89, 855 MHz, 58.99 W, 99 %
89, 840 MHz, 59.01 W, 100 %
89, 840 MHz, 59.03 W, 100 %
89, 862 MHz, 58.96 W, 99 %
89, 825 MHz, 59.02 W, 100 %
89, 855 MHz, 59.02 W, 100 %
89, 840 MHz, 58.92 W, 99 %
89, 870 MHz, 58.89 W, 100 %
89, 832 MHz, 58.97 W, 100 %
89, 855 MHz, 58.89 W, 99 %
89, 832 MHz, 58.71 W, 99 %
88, 637 MHz, 53.94 W, 100 %
89, 997 MHz, 56.07 W, 99 %
88, 742 MHz, 55.14 W, 100 %
88, 532 MHz, 60.96 W, 100 %
88, 780 MHz, 57.08 W, 100 %
88, 757 MHz, 57.04 W, 100 %
88, 772 MHz, 57.04 W, 98 %
88, 772 MHz, 57.07 W, 100 %
88, 750 MHz, 57.05 W, 100 %
88, 780 MHz, 56.99 W, 99 %
88, 757 MHz, 57.11 W, 100 %
88, 765 MHz, 57.08 W, 100 %
88, 765 MHz, 57.08 W, 100 %
88, 780 MHz, 57.11 W, 100 %
89, 772 MHz, 57.09 W, 99 %
88, 802 MHz, 57.03 W, 100 %
88, 765 MHz, 57.06 W, 99 %
88, 772 MHz, 56.99 W, 98 %
88, 772 MHz, 57.10 W, 100 %
88, 765 MHz, 56.94 W, 99 %
88, 787 MHz, 57.09 W, 100 %
88, 772 MHz, 57.06 W, 100 %
88, 817 MHz, 56.95 W, 99 %
88, 780 MHz, 57.07 W, 99 %
88, 765 MHz, 57.11 W, 100 %
89, 765 MHz, 57.04 W, 100 %
89, 817 MHz, 57.04 W, 99 %
89, 765 MHz, 56.94 W, 99 %
89, 772 MHz, 57.03 W, 99 %
89, 757 MHz, 57.15 W, 100 %
89, 757 MHz, 57.05 W, 100 %
89, 750 MHz, 57.06 W, 100 %
89, 787 MHz, 57.00 W, 99 %
89, 750 MHz, 57.06 W, 100 %
89, 787 MHz, 56.97 W, 98 %
89, 787 MHz, 57.00 W, 99 %
89, 757 MHz, 56.93 W, 98 %
89, 772 MHz, 57.03 W, 99 %
89, 750 MHz, 56.98 W, 100 %
89, 757 MHz, 56.99 W, 100 %
88, 555 MHz, 51.33 W, 100 %
89, 877 MHz, 56.12 W, 100 %
89, 847 MHz, 58.43 W, 99 %
88, 742 MHz, 51.55 W, 99 %
89, 787 MHz, 55.33 W, 100 %
89, 772 MHz, 57.14 W, 100 %
89, 742 MHz, 56.89 W, 99 %
89, 750 MHz, 56.87 W, 100 %
89, 727 MHz, 56.17 W, 100 %
89, 750 MHz, 56.12 W, 99 %
89, 712 MHz, 56.19 W, 100 %
89, 735 MHz, 56.14 W, 100 %
89, 727 MHz, 56.06 W, 99 %
89, 727 MHz, 56.07 W, 100 %
89, 742 MHz, 56.13 W, 99 %
89, 712 MHz, 56.11 W, 100 %
89, 735 MHz, 56.19 W, 100 %
89, 742 MHz, 56.14 W, 98 %
89, 705 MHz, 56.15 W, 100 %
89, 727 MHz, 56.14 W, 100 %
89, 750 MHz, 56.15 W, 99 %
89, 742 MHz, 56.15 W, 98 %
89, 720 MHz, 56.13 W, 99 %
89, 727 MHz, 56.11 W, 100 %
89, 742 MHz, 56.17 W, 100 %
89, 795 MHz, 56.15 W, 99 %
89, 720 MHz, 56.18 W, 99 %
89, 735 MHz, 56.16 W, 100 %
89, 742 MHz, 56.20 W, 100 %
89, 712 MHz, 56.22 W, 99 %
89, 712 MHz, 56.16 W, 100 %
89, 750 MHz, 56.10 W, 100 %
89, 712 MHz, 56.12 W, 99 %
89, 720 MHz, 56.15 W, 100 %
88, 757 MHz, 54.35 W, 97 %
88, 750 MHz, 54.41 W, 98 %
88, 780 MHz, 61.96 W, 100 %
89, 772 MHz, 58.09 W, 100 %
89, 757 MHz, 58.12 W, 100 %
88, 652 MHz, 58.99 W, 100 %
88, 577 MHz, 52.33 W, 100 %
89, 720 MHz, 55.96 W, 100 %
89, 727 MHz, 56.96 W, 100 %
88, 772 MHz, 56.39 W, 100 %
88, 720 MHz, 56.47 W, 100 %
89, 742 MHz, 56.17 W, 100 %
88, 735 MHz, 57.00 W, 100 %
89, 712 MHz, 56.48 W, 100 %
89, 735 MHz, 56.47 W, 100 %
88, 772 MHz, 55.54 W, 100 %
89, 727 MHz, 56.51 W, 100 %
89, 720 MHz, 56.77 W, 100 %
89, 757 MHz, 56.85 W, 100 %
88, 705 MHz, 56.46 W, 100 %
89, 757 MHz, 56.21 W, 100 %
89, 727 MHz, 56.92 W, 100 %
89, 735 MHz, 56.75 W, 100 %
88, 810 MHz, 56.78 W, 100 %
88, 765 MHz, 55.88 W, 100 %
88, 720 MHz, 56.22 W, 100 %
89, 727 MHz, 56.68 W, 100 %
89, 757 MHz, 56.39 W, 100 %
88, 697 MHz, 56.01 W, 100 %
89, 750 MHz, 56.31 W, 100 %
88, 772 MHz, 56.79 W, 100 %
88, 697 MHz, 56.73 W, 100 %
88, 697 MHz, 56.77 W, 100 %
88, 765 MHz, 56.03 W, 100 %
88, 757 MHz, 55.95 W, 100 %
89, 735 MHz, 56.62 W, 100 %
89, 742 MHz, 56.64 W, 100 %
88, 727 MHz, 56.48 W, 100 %
88, 772 MHz, 56.26 W, 100 %
88, 735 MHz, 56.43 W, 100 %
88, 742 MHz, 56.20 W, 100 %
89, 682 MHz, 56.26 W, 100 %
88, 757 MHz, 56.27 W, 100 %
88, 720 MHz, 56.92 W, 100 %
88, 697 MHz, 56.51 W, 100 %
88, 690 MHz, 56.28 W, 100 %
88, 757 MHz, 55.73 W, 100 %
88, 720 MHz, 56.38 W, 100 %
88, 712 MHz, 56.57 W, 100 %
88, 727 MHz, 56.62 W, 100 %
88, 705 MHz, 56.23 W, 100 %
89, 787 MHz, 56.21 W, 100 %
89, 742 MHz, 57.12 W, 100 %
89, 750 MHz, 56.46 W, 100 %
88, 705 MHz, 56.35 W, 98 %
88, 787 MHz, 55.48 W, 100 %
89, 727 MHz, 56.67 W, 100 %
89, 720 MHz, 56.76 W, 100 %
88, 757 MHz, 56.78 W, 100 %
88, 712 MHz, 56.57 W, 100 %
89, 757 MHz, 56.30 W, 100 %
88, 750 MHz, 56.49 W, 100 %
89, 705 MHz, 56.13 W, 100 %
89, 757 MHz, 56.31 W, 100 %
88, 750 MHz, 55.92 W, 100 %
89, 735 MHz, 56.27 W, 100 %
89, 810 MHz, 57.06 W, 100 %
89, 712 MHz, 56.24 W, 100 %
88, 697 MHz, 56.30 W, 100 %
89, 765 MHz, 55.83 W, 100 %
89, 757 MHz, 56.66 W, 100 %
89, 742 MHz, 56.43 W, 100 %
89, 757 MHz, 56.19 W, 100 %
88, 712 MHz, 56.08 W, 100 %
89, 735 MHz, 56.11 W, 100 %
89, 720 MHz, 56.68 W, 100 %
89, 735 MHz, 56.12 W, 100 %
88, 757 MHz, 56.28 W, 100 %
88, 705 MHz, 55.95 W, 100 %
89, 690 MHz, 55.96 W, 100 %
89, 757 MHz, 57.03 W, 100 %
89, 772 MHz, 56.77 W, 100 %
89, 817 MHz, 56.78 W, 100 %
89, 757 MHz, 55.88 W, 100 %
88, 862 MHz, 52.45 W, 100 %
88, 697 MHz, 55.92 W, 100 %
88, 727 MHz, 56.61 W, 100 %
88, 697 MHz, 56.12 W, 100 %
88, 690 MHz, 56.23 W, 100 %
88, 682 MHz, 56.04 W, 97 %
88, 645 MHz, 55.70 W, 100 %
89, 735 MHz, 55.79 W, 100 %
89, 697 MHz, 56.28 W, 100 %
89, 727 MHz, 56.12 W, 100 %
89, 675 MHz, 55.96 W, 100 %
89, 705 MHz, 55.81 W, 100 %
88, 757 MHz, 55.78 W, 100 %
89, 727 MHz, 55.44 W, 100 %
89, 727 MHz, 56.26 W, 100 %
89, 697 MHz, 56.52 W, 100 %
89, 727 MHz, 56.05 W, 100 %
88, 682 MHz, 56.16 W, 100 %
88, 742 MHz, 56.18 W, 100 %
88, 750 MHz, 55.44 W, 100 %
88, 757 MHz, 56.03 W, 100 %
88, 705 MHz, 56.59 W, 100 %
88, 720 MHz, 56.15 W, 100 %
88, 697 MHz, 56.13 W, 100 %
88, 697 MHz, 56.23 W, 100 %
88, 742 MHz, 55.55 W, 100 %
89, 757 MHz, 55.92 W, 100 %
88, 757 MHz, 56.62 W, 100 %
88, 735 MHz, 55.86 W, 100 %
88, 682 MHz, 55.90 W, 100 %
88, 697 MHz, 55.98 W, 100 %
88, 742 MHz, 55.29 W, 100 %
88, 682 MHz, 56.05 W, 100 %
89, 727 MHz, 56.70 W, 100 %
88, 757 MHz, 56.24 W, 100 %
89, 705 MHz, 56.51 W, 100 %
88, 750 MHz, 55.71 W, 100 %
88, 727 MHz, 55.80 W, 100 %
88, 682 MHz, 56.73 W, 100 %
88, 712 MHz, 56.26 W, 100 %
88, 772 MHz, 56.11 W, 100 %
89, 877 MHz, 56.54 W, 100 %
89, 735 MHz, 56.48 W, 100 %
89, 750 MHz, 56.48 W, 100 %
89, 652 MHz, 54.97 W, 100 %
88, 682 MHz, 55.07 W, 100 %
88, 712 MHz, 56.45 W, 100 %
88, 682 MHz, 55.64 W, 100 %
88, 727 MHz, 55.77 W, 100 %
88, 705 MHz, 55.81 W, 100 %
88, 682 MHz, 55.37 W, 97 %
88, 727 MHz, 55.53 W, 100 %
88, 697 MHz, 55.45 W, 100 %
89, 720 MHz, 56.31 W, 100 %
88, 712 MHz, 55.96 W, 100 %
88, 697 MHz, 55.62 W, 100 %
89, 667 MHz, 55.76 W, 100 %
88, 735 MHz, 55.80 W, 100 %
88, 697 MHz, 55.42 W, 100 %
89, 720 MHz, 55.60 W, 100 %
89, 742 MHz, 55.40 W, 100 %
89, 727 MHz, 55.92 W, 100 %
89, 772 MHz, 55.77 W, 100 %
88, 735 MHz, 55.62 W, 100 %
89, 660 MHz, 55.99 W, 100 %
89, 892 MHz, 54.03 W, 100 %
89, 780 MHz, 56.43 W, 100 %
88, 540 MHz, 56.62 W, 100 %
89, 727 MHz, 58.11 W, 100 %
88, 645 MHz, 53.03 W, 100 %
88, 750 MHz, 55.15 W, 100 %
89, 697 MHz, 55.49 W, 100 %
89, 682 MHz, 55.50 W, 100 %
89, 667 MHz, 55.51 W, 100 %
89, 675 MHz, 55.14 W, 100 %
88, 690 MHz, 54.94 W, 97 %
89, 697 MHz, 54.68 W, 100 %
89, 735 MHz, 55.79 W, 100 %
89, 712 MHz, 53.66 W, 97 %
85, 262 MHz, 25.25 W, 0 %
88, 735 MHz, 56.30 W, 100 %
88, 697 MHz, 55.94 W, 100 %
88, 690 MHz, 56.05 W, 100 %
89, 780 MHz, 57.59 W, 100 %
89, 690 MHz, 54.87 W, 100 %
89, 712 MHz, 54.88 W, 100 %
89, 637 MHz, 55.12 W, 100 %
88, 660 MHz, 55.01 W, 100 %
88, 667 MHz, 55.13 W, 100 %
88, 697 MHz, 54.93 W, 100 %
88, 615 MHz, 54.67 W, 100 %
88, 660 MHz, 54.59 W, 100 %
88, 690 MHz, 54.78 W, 100 %
88, 705 MHz, 54.68 W, 100 %
88, 877 MHz, 54.71 W, 100 %
88, 885 MHz, 54.56 W, 100 %
89, 712 MHz, 56.02 W, 100 %
89, 712 MHz, 56.39 W, 100 %
88, 712 MHz, 56.08 W, 100 %
89, 720 MHz, 55.75 W, 100 %
88, 690 MHz, 56.03 W, 100 %
88, 735 MHz, 55.44 W, 100 %
88, 742 MHz, 55.53 W, 100 %
88, 742 MHz, 56.41 W, 100 %
88, 697 MHz, 56.32 W, 100 %
88, 697 MHz, 56.20 W, 100 %
88, 645 MHz, 55.04 W, 100 %
89, 825 MHz, 58.96 W, 100 %
88, 682 MHz, 54.81 W, 100 %
88, 742 MHz, 56.47 W, 100 %
88, 742 MHz, 56.99 W, 100 %
88, 772 MHz, 56.76 W, 100 %
88, 765 MHz, 56.83 W, 97 %
88, 765 MHz, 56.23 W, 100 %
88, 697 MHz, 53.46 W, 100 %
88, 727 MHz, 56.85 W, 100 %
89, 660 MHz, 60.22 W, 100 %
89, 750 MHz, 58.98 W, 100 %
88, 847 MHz, 59.36 W, 100 %
88, 787 MHz, 57.70 W, 100 %
88, 787 MHz, 58.23 W, 100 %
88, 765 MHz, 57.94 W, 100 %
88, 832 MHz, 57.62 W, 100 %
88, 795 MHz, 57.86 W, 100 %
88, 840 MHz, 57.08 W, 100 %
88, 787 MHz, 58.03 W, 100 %
88, 780 MHz, 57.59 W, 100 %
88, 825 MHz, 59.59 W, 100 %
89, 825 MHz, 59.34 W, 100 %
88, 885 MHz, 59.54 W, 98 %
89, 780 MHz, 60.08 W, 100 %
89, 900 MHz, 59.12 W, 100 %
88, 885 MHz, 55.81 W, 100 %
88, 780 MHz, 56.79 W, 100 %
89, 967 MHz, 58.74 W, 100 %
89, 915 MHz, 59.84 W, 100 %
88, 765 MHz, 57.78 W, 100 %
89, 817 MHz, 58.79 W, 100 %
88, 810 MHz, 58.08 W, 100 %
88, 795 MHz, 59.05 W, 100 %
88, 832 MHz, 55.91 W, 100 %
89, 840 MHz, 58.92 W, 100 %
88, 832 MHz, 58.64 W, 100 %
89, 862 MHz, 59.32 W, 98 %
89, 832 MHz, 59.54 W, 100 %
88, 907 MHz, 58.51 W, 100 %
89, 885 MHz, 59.12 W, 100 %
89, 832 MHz, 59.31 W, 100 %
89, 817 MHz, 58.75 W, 100 %
89, 802 MHz, 59.33 W, 100 %
89, 870 MHz, 58.70 W, 100 %
89, 787 MHz, 59.43 W, 100 %
89, 877 MHz, 59.21 W, 100 %
88, 855 MHz, 58.48 W, 100 %
88, 877 MHz, 54.35 W, 100 %
89, 915 MHz, 59.35 W, 100 %
88, 847 MHz, 59.38 W, 100 %
89, 802 MHz, 59.96 W, 100 %
88, 907 MHz, 58.85 W, 100 %
88, 885 MHz, 59.44 W, 100 %
89, 795 MHz, 59.55 W, 100 %
88, 487 MHz, 59.76 W, 100 %
89, 772 MHz, 57.23 W, 100 %
88, 802 MHz, 58.66 W, 100 %
88, 832 MHz, 58.93 W, 100 %
89, 780 MHz, 58.76 W, 100 %
88, 802 MHz, 58.81 W, 100 %
88, 840 MHz, 59.08 W, 97 %
88, 802 MHz, 59.09 W, 100 %
88, 825 MHz, 58.48 W, 100 %
88, 840 MHz, 59.17 W, 100 %
88, 862 MHz, 57.90 W, 100 %
89, 780 MHz, 58.87 W, 100 %
89, 885 MHz, 58.79 W, 100 %
89, 757 MHz, 58.73 W, 100 %
88, 817 MHz, 58.79 W, 100 %
89, 900 MHz, 58.83 W, 97 %
88, 832 MHz, 59.19 W, 100 %
88, 765 MHz, 58.49 W, 100 %
88, 825 MHz, 59.29 W, 100 %
88, 862 MHz, 57.94 W, 100 %
88, 862 MHz, 58.91 W, 100 %
89, 877 MHz, 58.64 W, 100 %
88, 795 MHz, 58.78 W, 100 %
89, 877 MHz, 58.41 W, 100 %
89, 907 MHz, 58.83 W, 97 %
88, 750 MHz, 59.38 W, 100 %
88, 817 MHz, 58.38 W, 100 %
88, 787 MHz, 59.25 W, 100 %
88, 870 MHz, 58.07 W, 100 %
88, 817 MHz, 58.46 W, 100 %
88, 787 MHz, 58.15 W, 100 %
88, 832 MHz, 59.63 W, 100 %
88, 877 MHz, 59.42 W, 100 %
88, 930 MHz, 59.64 W, 100 %
88, 870 MHz, 59.47 W, 100 %
88, 765 MHz, 59.24 W, 100 %
89, 862 MHz, 59.70 W, 100 %
89, 817 MHz, 59.62 W, 100 %
88, 795 MHz, 59.21 W, 98 %
89, 907 MHz, 59.44 W, 100 %
88, 900 MHz, 59.59 W, 100 %
88, 885 MHz, 58.99 W, 97 %
88, 870 MHz, 59.45 W, 100 %
88, 862 MHz, 59.97 W, 100 %
89, 930 MHz, 59.08 W, 100 %
88, 907 MHz, 59.69 W, 100 %
88, 892 MHz, 60.02 W, 100 %
89, 915 MHz, 59.52 W, 100 %
89, 832 MHz, 59.85 W, 100 %
88, 847 MHz, 60.01 W, 100 %
89, 802 MHz, 59.31 W, 100 %
89, 847 MHz, 59.33 W, 100 %
89, 847 MHz, 59.45 W, 100 %
89, 855 MHz, 59.62 W, 100 %
89, 900 MHz, 59.05 W, 100 %
88, 900 MHz, 59.49 W, 100 %
88, 915 MHz, 59.99 W, 100 %
88, 915 MHz, 59.09 W, 100 %
88, 780 MHz, 59.90 W, 100 %
88, 870 MHz, 60.13 W, 100 %
89, 930 MHz, 59.34 W, 100 %
88, 862 MHz, 59.75 W, 100 %
89, 772 MHz, 59.88 W, 100 %
89, 997 MHz, 62.94 W, 100 %
89, 1005 MHz, 59.56 W, 97 %
86, 1777 MHz, 43.99 W, 0 %
80, 210 MHz, 14.46 W, 0 %
77, 210 MHz, 14.31 W, 0 %
76, 210 MHz, 14.10 W, 0 %
75, 210 MHz, 13.86 W, 0 %
74, 210 MHz, 13.74 W, 0 %
73, 210 MHz, 13.65 W, 0 %
73, 210 MHz, 13.59 W, 0 %
72, 210 MHz, 13.50 W, 0 %
72, 210 MHz, 13.41 W, 0 %
71, 210 MHz, 13.31 W, 0 %
71, 210 MHz, 13.29 W, 0 %
70, 210 MHz, 13.22 W, 0 %
70, 210 MHz, 13.15 W, 0 %
70, 210 MHz, 13.11 W, 0 %
69, 210 MHz, 13.07 W, 0 %
69, 210 MHz, 13.02 W, 0 %
68, 210 MHz, 12.99 W, 0 %
68, 210 MHz, 12.95 W, 0 %
68, 210 MHz, 12.92 W, 0 %
67, 210 MHz, 12.88 W, 0 %
67, 210 MHz, 12.83 W, 0 %
67, 210 MHz, 12.80 W, 0 %
67, 210 MHz, 12.76 W, 0 %
