=== sweep3b finished, extending grid ===
arch=rev_mid params={'total': 23075328, 'embedding': 4194304, 'non_embedding': 18881024} batch=16 seq=512 steps=1220 lr=0.0004
step 600/1220 loss 5.0509 ema 5.0975 lr 2.32e-04 tok/s 30.2k elapsed 163s
step 1200/1220 loss 4.7887 ema 4.7828 lr 4.03e-05 tok/s 28.7k elapsed 342s
step 1220/1220 loss 4.8703 ema 4.7768 lr 4.00e-05 tok/s 28.7k elapsed 348s
{
  "arch": "rev_mid",
  "batch": 16,
  "seq": 512,
  "tokens": 9994240,
  "steps": 1220,
  "lr": 0.0004,
  "params": {
    "total": 23075328,
    "embedding": 4194304,
    "non_embedding": 18881024
  },
  "final_train_loss_ema": 4.776760585950089,
  "final_val_loss": 4.8525841591361845,
  "val_ppl": 128.0709182265407,
  "tokens_per_s": 28691.7889721347,
  "peak_mem_allocated_mb": 1156.53369140625,
  "peak_mem_reserved_mb": 1482.0,
  "wall_s": 348.37798047065735,
  "gpu": "NVIDIA GeForce RTX 3060 Laptop GPU",
  "torch": "2.10.0+cu126",
  "seed": 1234
}
=== RUN 2: reversibility at the baseline batch ===
arch=rev_mid params={'total': 23075328, 'embedding': 4194304, 'non_embedding': 18881024} batch=16 seq=512 steps=6103 lr=0.00075
step 500/6103 loss 5.0630 ema 5.0825 lr 7.43e-04 tok/s 28.3k elapsed 145s
step 1000/6103 loss 4.6821 ema 4.6922 lr 7.15e-04 tok/s 27.7k elapsed 295s
step 1500/6103 loss 4.4945 ema 4.4532 lr 6.66e-04 tok/s 27.5k elapsed 447s
step 2000/6103 loss 4.2922 ema 4.2426 lr 5.99e-04 tok/s 27.4k elapsed 598s
step 2500/6103 loss 4.1743 ema 4.0991 lr 5.19e-04 tok/s 27.3k elapsed 749s
step 3000/6103 loss 4.0660 ema 3.9914 lr 4.33e-04 tok/s 27.7k elapsed 888s
step 3500/6103 loss 3.9648 ema 3.8895 lr 3.44e-04 tok/s 28.0k elapsed 1025s
step 4000/6103 loss 4.0809 ema 3.8365 lr 2.61e-04 tok/s 28.2k elapsed 1162s
step 4500/6103 loss 3.7730 ema 3.7389 lr 1.88e-04 tok/s 28.4k elapsed 1298s
step 5000/6103 loss 3.8279 ema 3.7027 lr 1.30e-04 tok/s 28.6k elapsed 1435s
step 5500/6103 loss 3.5697 ema 3.6922 lr 9.18e-05 tok/s 28.7k elapsed 1572s
step 6000/6103 loss 3.7358 ema 3.6779 lr 7.55e-05 tok/s 28.8k elapsed 1709s
step 6103/6103 loss 3.7180 ema 3.6595 lr 7.50e-05 tok/s 28.8k elapsed 1737s
{
  "arch": "rev_mid",
  "batch": 16,
  "seq": 512,
  "tokens": 49995776,
  "steps": 6103,
  "lr": 0.00075,
  "params": {
    "total": 23075328,
    "embedding": 4194304,
    "non_embedding": 18881024
  },
  "final_train_loss_ema": 3.6595180287680695,
  "final_val_loss": 3.796811212226176,
  "val_ppl": 44.55886893036975,
  "tokens_per_s": 28790.518575185197,
  "peak_mem_allocated_mb": 1156.53369140625,
  "peak_mem_reserved_mb": 1482.0,
  "wall_s": 1736.7061579227448,
  "gpu": "NVIDIA GeForce RTX 3060 Laptop GPU",
  "torch": "2.10.0+cu126",
  "seed": 1234
}
=== RUN 3: reversibility at max batch (192) ===
arch=rev_mid params={'total': 23075328, 'embedding': 4194304, 'non_embedding': 18881024} batch=192 seq=512 steps=508 lr=0.0026
step 50/508 loss 6.3504 ema 6.8946 lr 2.59e-03 tok/s 34.2k elapsed 145s
step 100/508 loss 5.8064 ema 6.0176 lr 2.48e-03 tok/s 33.8k elapsed 292s
step 150/508 loss 5.4039 ema 5.5850 lr 2.26e-03 tok/s 33.9k elapsed 436s
step 200/508 loss 5.1848 ema 5.2721 lr 1.95e-03 tok/s 34.1k elapsed 578s
step 250/508 loss 4.9145 ema 5.0141 lr 1.58e-03 tok/s 34.2k elapsed 721s
step 300/508 loss 4.7493 ema 4.8140 lr 1.20e-03 tok/s 34.1k elapsed 866s
step 350/508 loss 4.6390 ema 4.6592 lr 8.43e-04 tok/s 34.0k elapsed 1015s
step 400/508 loss 4.4737 ema 4.5295 lr 5.48e-04 tok/s 33.9k elapsed 1160s
step 450/508 loss 4.3991 ema 4.4242 lr 3.47e-04 tok/s 34.0k elapsed 1304s
step 500/508 loss 4.3279 ema 4.3440 lr 2.62e-04 tok/s 34.0k elapsed 1446s
step 508/508 loss 4.3093 ema 4.3337 lr 2.60e-04 tok/s 34.0k elapsed 1469s
{
  "arch": "rev_mid",
  "batch": 192,
  "seq": 512,
  "tokens": 49938432,
  "steps": 508,
  "lr": 0.0026,
  "params": {
    "total": 23075328,
    "embedding": 4194304,
    "non_embedding": 18881024
  },
  "final_train_loss_ema": 4.333714561132306,
  "final_val_loss": 4.402001183886315,
  "val_ppl": 81.61403003436696,
  "tokens_per_s": 34028.19255512036,
  "peak_mem_allocated_mb": 4501.8671875,
  "peak_mem_reserved_mb": 5118.0,
  "wall_s": 1469.0841312408447,
  "gpu": "NVIDIA GeForce RTX 3060 Laptop GPU",
  "torch": "2.10.0+cu126",
  "seed": 1234
}
arch=rev_mid params={'total': 23075328, 'embedding': 4194304, 'non_embedding': 18881024} batch=192 seq=512 steps=508 lr=0.0052
step 50/508 loss 6.6109 ema 7.0048 lr 5.18e-03 tok/s 31.8k elapsed 155s
step 100/508 loss 6.1333 ema 6.3215 lr 4.96e-03 tok/s 31.2k elapsed 315s
step 150/508 loss 5.8117 ema 5.9598 lr 4.52e-03 tok/s 31.5k elapsed 468s
step 200/508 loss 5.6265 ema 5.7052 lr 3.90e-03 tok/s 31.9k elapsed 618s
step 250/508 loss 5.3981 ema 5.4848 lr 3.17e-03 tok/s 32.3k elapsed 761s
step 300/508 loss 5.2432 ema 5.3068 lr 2.40e-03 tok/s 32.6k elapsed 906s
step 350/508 loss 5.1525 ema 5.1696 lr 1.69e-03 tok/s 32.5k elapsed 1061s
step 400/508 loss 5.0055 ema 5.0560 lr 1.10e-03 tok/s 32.3k elapsed 1219s
step 450/508 loss 4.9535 ema 4.9762 lr 6.94e-04 tok/s 32.3k elapsed 1368s
step 500/508 loss 4.9156 ema 4.9221 lr 5.24e-04 tok/s 32.2k elapsed 1527s
step 508/508 loss 4.9065 ema 4.9160 lr 5.20e-04 tok/s 32.2k elapsed 1551s
{
  "arch": "rev_mid",
  "batch": 192,
  "seq": 512,
  "tokens": 49938432,
  "steps": 508,
  "lr": 0.0052,
  "params": {
    "total": 23075328,
    "embedding": 4194304,
    "non_embedding": 18881024
  },
  "final_train_loss_ema": 4.915979342829559,
  "final_val_loss": 4.989044537131626,
  "val_ppl": 146.79609824749042,
  "tokens_per_s": 32209.55825508792,
  "peak_mem_allocated_mb": 4501.8671875,
  "peak_mem_reserved_mb": 5118.0,
  "wall_s": 1551.0981409549713,
  "gpu": "NVIDIA GeForce RTX 3060 Laptop GPU",
  "torch": "2.10.0+cu126",
  "seed": 1234
}
FINALS2 DONE
