arch=baseline params={'total': 23075328, 'embedding': 4194304, 'non_embedding': 18881024} batch=16 seq=512 steps=1220 lr=0.0004
step 600/1220 loss 5.1424 ema 5.1971 lr 2.32e-04 tok/s 56.3k elapsed 88s
step 1200/1220 loss 4.8531 ema 4.8483 lr 4.03e-05 tok/s 53.3k elapsed 185s
step 1220/1220 loss 4.9403 ema 4.8415 lr 4.00e-05 tok/s 53.2k elapsed 188s
{
  "arch": "baseline",
  "batch": 16,
  "seq": 512,
  "tokens": 9994240,
  "steps": 1220,
  "lr": 0.0004,
  "params": {
    "total": 23075328,
    "embedding": 4194304,
    "non_embedding": 18881024
  },
  "final_train_loss_ema": 4.841518591436904,
  "final_val_loss": 4.911499778856941,
  "val_ppl": 135.84299616000584,
  "tokens_per_s": 53191.51327223372,
  "peak_mem_allocated_mb": 2129.78369140625,
  "peak_mem_reserved_mb": 2348.0,
  "wall_s": 188.27098870277405,
  "gpu": "NVIDIA GeForce RTX 3060 Laptop GPU",
  "torch": "2.10.0+cu126",
  "seed": 1234
}
arch=baseline params={'total': 23075328, 'embedding': 4194304, 'non_embedding': 18881024} batch=16 seq=512 steps=1220 lr=0.0002
step 600/1220 loss 5.3717 ema 5.4133 lr 1.16e-04 tok/s 48.9k elapsed 101s
step 1200/1220 loss 5.0974 ema 5.1096 lr 2.01e-05 tok/s 48.9k elapsed 202s
step 1220/1220 loss 5.2133 ema 5.1023 lr 2.00e-05 tok/s 48.9k elapsed 205s
{
  "arch": "baseline",
  "batch": 16,
  "seq": 512,
  "tokens": 9994240,
  "steps": 1220,
  "lr": 0.0002,
  "params": {
    "total": 23075328,
    "embedding": 4194304,
    "non_embedding": 18881024
  },
  "final_train_loss_ema": 5.102315745617461,
  "final_val_loss": 5.169028227474527,
  "val_ppl": 175.74397131314683,
  "tokens_per_s": 48893.072957215256,
  "peak_mem_allocated_mb": 2129.78369140625,
  "peak_mem_reserved_mb": 2348.0,
  "wall_s": 204.80350041389465,
  "gpu": "NVIDIA GeForce RTX 3060 Laptop GPU",
  "torch": "2.10.0+cu126",
  "seed": 1234
}
arch=rev_euler params={'total': 23075328, 'embedding': 4194304, 'non_embedding': 18881024} batch=16 seq=512 steps=1220 lr=0.0002
step 600/1220 loss 5.3671 ema 5.4101 lr 1.16e-04 tok/s 33.0k elapsed 150s
step 1200/1220 loss 5.0735 ema 5.0850 lr 2.01e-05 tok/s 31.6k elapsed 311s
step 1220/1220 loss 5.2090 ema 5.0780 lr 2.00e-05 tok/s 31.6k elapsed 317s
{
  "arch": "rev_euler",
  "batch": 16,
  "seq": 512,
  "tokens": 9994240,
  "steps": 1220,
  "lr": 0.0002,
  "params": {
    "total": 23075328,
    "embedding": 4194304,
    "non_embedding": 18881024
  },
  "final_train_loss_ema": 5.077982822771063,
  "final_val_loss": 5.146783835571727,
  "val_ppl": 171.87781312708074,
  "tokens_per_s": 31600.215264902712,
  "peak_mem_allocated_mb": 1153.65869140625,
  "peak_mem_reserved_mb": 1466.0,
  "wall_s": 316.82543206214905,
  "gpu": "NVIDIA GeForce RTX 3060 Laptop GPU",
  "torch": "2.10.0+cu126",
  "seed": 1234
}
FINALS5 DONE
