arch=rev_euler params={'total': 23075328, 'embedding': 4194304, 'non_embedding': 18881024} batch=16 seq=512 steps=1220 lr=0.00075
step 600/1220 loss 5.2785 ema 5.3227 lr 4.36e-04 tok/s 32.7k elapsed 151s
step 1200/1220 loss 4.9065 ema 4.9124 lr 7.55e-05 tok/s 31.5k elapsed 312s
step 1220/1220 loss 5.0260 ema 4.9093 lr 7.50e-05 tok/s 31.5k elapsed 318s
{
  "arch": "rev_euler",
  "batch": 16,
  "seq": 512,
  "tokens": 9994240,
  "steps": 1220,
  "lr": 0.00075,
  "params": {
    "total": 23075328,
    "embedding": 4194304,
    "non_embedding": 18881024
  },
  "final_train_loss_ema": 4.90930541524911,
  "final_val_loss": 4.980234468892728,
  "val_ppl": 145.50849486988426,
  "tokens_per_s": 31487.840291176333,
  "peak_mem_allocated_mb": 1153.65869140625,
  "peak_mem_reserved_mb": 1466.0,
  "wall_s": 317.70062017440796,
  "gpu": "NVIDIA GeForce RTX 3060 Laptop GPU",
  "torch": "2.10.0+cu126",
  "seed": 1234
}
arch=rev_mid params={'total': 23075328, 'embedding': 4194304, 'non_embedding': 18881024} batch=16 seq=512 steps=1220 lr=0.00075
step 600/1220 loss 4.8998 ema 4.9542 lr 4.36e-04 tok/s 31.6k elapsed 156s
step 1200/1220 loss 4.6027 ema 4.5943 lr 7.55e-05 tok/s 30.1k elapsed 327s
step 1220/1220 loss 4.6620 ema 4.5872 lr 7.50e-05 tok/s 30.1k elapsed 332s
{
  "arch": "rev_mid",
  "batch": 16,
  "seq": 512,
  "tokens": 9994240,
  "steps": 1220,
  "lr": 0.00075,
  "params": {
    "total": 23075328,
    "embedding": 4194304,
    "non_embedding": 18881024
  },
  "final_train_loss_ema": 4.587180907111224,
  "final_val_loss": 4.671613193693615,
  "val_ppl": 106.87000546712835,
  "tokens_per_s": 30114.063090280048,
  "peak_mem_allocated_mb": 1156.53369140625,
  "peak_mem_reserved_mb": 1482.0,
  "wall_s": 332.3300757408142,
  "gpu": "NVIDIA GeForce RTX 3060 Laptop GPU",
  "torch": "2.10.0+cu126",
  "seed": 1234
}
arch=rev_mid params={'total': 23075328, 'embedding': 4194304, 'non_embedding': 18881024} batch=16 seq=512 steps=1220 lr=0.0015
step 600/1220 loss 5.1451 ema 5.1939 lr 8.71e-04 tok/s 27.9k elapsed 176s
step 1200/1220 loss 4.7747 ema 4.7718 lr 1.51e-04 tok/s 27.7k elapsed 355s
step 1220/1220 loss 4.8658 ema 4.7699 lr 1.50e-04 tok/s 27.7k elapsed 361s
{
  "arch": "rev_mid",
  "batch": 16,
  "seq": 512,
  "tokens": 9994240,
  "steps": 1220,
  "lr": 0.0015,
  "params": {
    "total": 23075328,
    "embedding": 4194304,
    "non_embedding": 18881024
  },
  "final_train_loss_ema": 4.769859975322108,
  "final_val_loss": 4.845502720084242,
  "val_ppl": 127.16719543030626,
  "tokens_per_s": 27660.46678831241,
  "peak_mem_allocated_mb": 1156.53369140625,
  "peak_mem_reserved_mb": 1482.0,
  "wall_s": 361.4195079803467,
  "gpu": "NVIDIA GeForce RTX 3060 Laptop GPU",
  "torch": "2.10.0+cu126",
  "seed": 1234
}
arch=baseline params={'total': 23075328, 'embedding': 4194304, 'non_embedding': 18881024} batch=16 seq=512 steps=1220 lr=0.0015
step 600/1220 loss 5.2629 ema 5.3238 lr 8.71e-04 tok/s 41.3k elapsed 119s
step 1200/1220 loss 4.8773 ema 4.8845 lr 1.51e-04 tok/s 41.0k elapsed 240s
step 1220/1220 loss 4.9882 ema 4.8795 lr 1.50e-04 tok/s 41.0k elapsed 244s
{
  "arch": "baseline",
  "batch": 16,
  "seq": 512,
  "tokens": 9994240,
  "steps": 1220,
  "lr": 0.0015,
  "params": {
    "total": 23075328,
    "embedding": 4194304,
    "non_embedding": 18881024
  },
  "final_train_loss_ema": 4.879491615457747,
  "final_val_loss": 4.952078366365057,
  "val_ppl": 141.46868233959086,
  "tokens_per_s": 40954.105866933365,
  "peak_mem_allocated_mb": 2129.78369140625,
  "peak_mem_reserved_mb": 2348.0,
  "wall_s": 244.20070481300354,
  "gpu": "NVIDIA GeForce RTX 3060 Laptop GPU",
  "torch": "2.10.0+cu126",
  "seed": 1234
}
arch=rev_euler params={'total': 23075328, 'embedding': 4194304, 'non_embedding': 18881024} batch=16 seq=512 steps=1220 lr=0.0004
step 600/1220 loss 5.1556 ema 5.2113 lr 2.32e-04 tok/s 27.9k elapsed 176s
step 1200/1220 loss 4.8596 ema 4.8546 lr 4.03e-05 tok/s 27.7k elapsed 355s
step 1220/1220 loss 4.9470 ema 4.8482 lr 4.00e-05 tok/s 27.7k elapsed 361s
{
  "arch": "rev_euler",
  "batch": 16,
  "seq": 512,
  "tokens": 9994240,
  "steps": 1220,
  "lr": 0.0004,
  "params": {
    "total": 23075328,
    "embedding": 4194304,
    "non_embedding": 18881024
  },
  "final_train_loss_ema": 4.8481937682795895,
  "final_val_loss": 4.920612496348204,
  "val_ppl": 137.08655249037446,
  "tokens_per_s": 27730.043955311234,
  "peak_mem_allocated_mb": 1153.65869140625,
  "peak_mem_reserved_mb": 1466.0,
  "wall_s": 360.6654272079468,
  "gpu": "NVIDIA GeForce RTX 3060 Laptop GPU",
  "torch": "2.10.0+cu126",
  "seed": 1234
}
SWEEP3B DONE
