arm=dense_phase1 params={'total': 23075328, 'embedding': 4194304, 'non_embedding': 18881024} steps 0->2441 of 6103 lr=0.00075
step 100/6103 ce 6.4028 ema 6.6495 lr 6.15e-04 tok/s 74.3k elapsed 11s
step 200/6103 ce 5.9220 ema 5.9640 lr 7.50e-04 tok/s 73.9k elapsed 22s
  eval step 250 tokens 2.0M val 5.7567
step 300/6103 ce 5.5543 ema 5.6115 lr 7.49e-04 tok/s 68.8k elapsed 36s
step 400/6103 ce 5.3449 ema 5.3694 lr 7.46e-04 tok/s 69.3k elapsed 47s
step 500/6103 ce 5.1761 ema 5.1940 lr 7.43e-04 tok/s 69.5k elapsed 59s
  eval step 500 tokens 4.1M val 5.2320
step 600/6103 ce 5.0169 ema 5.0750 lr 7.39e-04 tok/s 67.0k elapsed 74s
step 700/6103 ce 4.9350 ema 4.9540 lr 7.35e-04 tok/s 67.1k elapsed 86s
  eval step 750 tokens 6.1M val 5.0020
step 800/6103 ce 4.9249 ema 4.8921 lr 7.29e-04 tok/s 65.3k elapsed 100s
step 900/6103 ce 4.7596 ema 4.8040 lr 7.22e-04 tok/s 65.4k elapsed 113s
step 1000/6103 ce 4.7076 ema 4.7263 lr 7.15e-04 tok/s 65.4k elapsed 126s
  eval step 1000 tokens 8.2M val 4.7936
step 1100/6103 ce 4.7748 ema 4.6446 lr 7.07e-04 tok/s 64.1k elapsed 141s
step 1200/6103 ce 4.5464 ema 4.5554 lr 6.97e-04 tok/s 64.1k elapsed 154s
  eval step 1250 tokens 10.2M val 4.5702
step 1300/6103 ce 4.5310 ema 4.4729 lr 6.88e-04 tok/s 63.1k elapsed 169s
step 1400/6103 ce 4.4409 ema 4.4128 lr 6.77e-04 tok/s 63.1k elapsed 182s
step 1500/6103 ce 4.3918 ema 4.3633 lr 6.66e-04 tok/s 63.0k elapsed 195s
  eval step 1500 tokens 12.3M val 4.4345
step 1600/6103 ce 4.0332 ema 4.2968 lr 6.53e-04 tok/s 62.3k elapsed 211s
step 1700/6103 ce 4.3433 ema 4.2929 lr 6.41e-04 tok/s 62.3k elapsed 224s
  eval step 1750 tokens 14.3M val 4.3326
step 1800/6103 ce 4.2314 ema 4.2167 lr 6.27e-04 tok/s 61.7k elapsed 239s
step 1900/6103 ce 4.1976 ema 4.1964 lr 6.13e-04 tok/s 61.8k elapsed 252s
step 2000/6103 ce 4.2545 ema 4.1969 lr 5.99e-04 tok/s 18.3k elapsed 894s
  eval step 2000 tokens 16.4M val 4.2577
step 2100/6103 ce 4.1194 ema 4.1605 lr 5.84e-04 tok/s 18.9k elapsed 908s
step 2200/6103 ce 4.1203 ema 4.1243 lr 5.68e-04 tok/s 19.6k elapsed 919s
  eval step 2250 tokens 18.4M val 4.1968
step 2300/6103 ce 4.0740 ema 4.1114 lr 5.52e-04 tok/s 20.2k elapsed 932s
step 2400/6103 ce 3.9930 ema 4.1002 lr 5.36e-04 tok/s 20.8k elapsed 943s
step 2441/6103 ce 4.0717 ema 4.0686 lr 5.29e-04 tok/s 21.1k elapsed 948s
  eval step 2441 tokens 20.0M val 4.1556
{
  "arm": "dense_phase1",
  "params": {
    "total": 23075328,
    "embedding": 4194304,
    "non_embedding": 18881024
  },
  "batch": 16,
  "seq": 512,
  "lr": 0.00075,
  "start_step": 0,
  "end_step": 2441,
  "steps_total": 6103,
  "tokens_start": 0,
  "tokens_end": 19996672,
  "final_train_ce_ema": 4.0685526913354435,
  "final_val_loss_2M": 4.1593430243695755,
  "val_ppl": 64.02944299513524,
  "tokens_per_s": 21023.424276707105,
  "wall_s": 950.1495273113251,
  "peak_mem_allocated_mb": 2129.78369140625,
  "gpu": "NVIDIA GeForce RTX 3060 Laptop GPU"
}
optimizer state copied for 38 tensors; fresh: ['blocks.0.mlp.router.weight', 'blocks.1.mlp.router.weight', 'blocks.2.mlp.router.weight', 'blocks.3.mlp.router.weight', 'blocks.4.mlp.router.weight', 'blocks.5.mlp.router.weight']
resume at step 2441: dense ckpt val 4.15564 | moe_8x_top2 val 4.15563 (delta -1.52e-05)
arm=moe_8x_top2 params={'total': 111180288, 'embedding': 4194304, 'non_embedding': 106985984, 'active_per_token': 35682816} steps 2441->6103 of 6103 lr=0.00075
step 2500/6103 ce 4.1492 ema 4.0633 lr 5.19e-04 tok/s 29.2k elapsed 17s aux 1.052 load[min 0.054 max 0.300]
  eval step 2500 tokens 20.5M val 4.1462
step 2600/6103 ce 4.0123 ema 4.0539 lr 5.02e-04 tok/s 25.0k elapsed 52s aux 1.066 load[min 0.032 max 0.326]
step 2700/6103 ce 3.9617 ema 4.0253 lr 4.85e-04 tok/s 26.3k elapsed 81s aux 1.139 load[min 0.020 max 0.496]
  eval step 2750 tokens 22.5M val 4.1094
step 2800/6103 ce 4.1491 ema 4.0091 lr 4.68e-04 tok/s 25.9k elapsed 113s aux 1.203 load[min 0.017 max 0.500]
step 2900/6103 ce 3.9816 ema 3.9820 lr 4.50e-04 tok/s 26.6k elapsed 142s aux 1.209 load[min 0.012 max 0.500]
step 3000/6103 ce 4.0335 ema 3.9679 lr 4.33e-04 tok/s 27.0k elapsed 170s aux 1.223 load[min 0.006 max 0.500]
  eval step 3000 tokens 24.6M val 4.0631
step 3100/6103 ce 3.9538 ema 3.9613 lr 4.15e-04 tok/s 26.6k elapsed 203s aux 1.234 load[min 0.013 max 0.500]
step 3200/6103 ce 3.8895 ema 3.9012 lr 3.97e-04 tok/s 26.9k elapsed 231s aux 1.252 load[min 0.021 max 0.500]
  eval step 3250 tokens 26.6M val 4.0113
step 3300/6103 ce 3.9239 ema 3.9010 lr 3.79e-04 tok/s 26.6k elapsed 265s aux 1.233 load[min 0.018 max 0.500]
step 3400/6103 ce 3.9421 ema 3.8922 lr 3.62e-04 tok/s 26.4k elapsed 298s aux 1.251 load[min 0.013 max 0.500]
step 3500/6103 ce 3.9334 ema 3.8518 lr 3.44e-04 tok/s 26.6k elapsed 326s aux 1.257 load[min 0.012 max 0.500]
  eval step 3500 tokens 28.7M val 3.9685
step 3600/6103 ce 3.9423 ema 3.8610 lr 3.27e-04 tok/s 26.3k elapsed 361s aux 1.248 load[min 0.020 max 0.500]
step 3700/6103 ce 3.8123 ema 3.8167 lr 3.10e-04 tok/s 26.4k elapsed 391s aux 1.253 load[min 0.012 max 0.500]
  eval step 3750 tokens 30.7M val 3.9331
step 3800/6103 ce 3.8897 ema 3.8379 lr 2.93e-04 tok/s 26.0k elapsed 429s aux 1.234 load[min 0.012 max 0.500]
step 3900/6103 ce 3.7307 ema 3.7836 lr 2.77e-04 tok/s 26.1k elapsed 459s aux 1.228 load[min 0.022 max 0.500]
step 4000/6103 ce 4.0270 ema 3.7810 lr 2.61e-04 tok/s 26.1k elapsed 489s aux 1.219 load[min 0.029 max 0.500]
  eval step 4000 tokens 32.8M val 3.8994
step 4100/6103 ce 3.7577 ema 3.7558 lr 2.45e-04 tok/s 25.8k elapsed 527s aux 1.228 load[min 0.017 max 0.500]
step 4200/6103 ce 3.7094 ema 3.7468 lr 2.30e-04 tok/s 25.9k elapsed 556s aux 1.206 load[min 0.012 max 0.500]
  eval step 4250 tokens 34.8M val 3.8665
step 4300/6103 ce 3.6343 ema 3.7388 lr 2.16e-04 tok/s 25.6k elapsed 594s aux 1.203 load[min 0.012 max 0.500]
step 4400/6103 ce 3.7477 ema 3.7226 lr 2.01e-04 tok/s 25.7k elapsed 624s aux 1.215 load[min 0.012 max 0.500]
step 4500/6103 ce 3.6994 ema 3.6769 lr 1.88e-04 tok/s 25.8k elapsed 654s aux 1.211 load[min 0.017 max 0.500]
  eval step 4500 tokens 36.9M val 3.8374
step 4600/6103 ce 3.8233 ema 3.7242 lr 1.75e-04 tok/s 25.6k elapsed 692s aux 1.194 load[min 0.018 max 0.500]
step 4700/6103 ce 3.5264 ema 3.6626 lr 1.63e-04 tok/s 25.6k elapsed 722s aux 1.193 load[min 0.013 max 0.500]
  eval step 4750 tokens 38.9M val 3.8127
step 4800/6103 ce 3.6657 ema 3.6754 lr 1.51e-04 tok/s 25.4k elapsed 759s aux 1.190 load[min 0.022 max 0.500]
step 4900/6103 ce 3.4503 ema 3.6776 lr 1.40e-04 tok/s 25.5k elapsed 790s aux 1.165 load[min 0.030 max 0.500]
step 5000/6103 ce 3.7562 ema 3.6311 lr 1.30e-04 tok/s 25.6k elapsed 820s aux 1.177 load[min 0.013 max 0.500]
  eval step 5000 tokens 41.0M val 3.7901
step 5100/6103 ce 3.5519 ema 3.6249 lr 1.21e-04 tok/s 25.4k elapsed 857s aux 1.169 load[min 0.012 max 0.500]
step 5200/6103 ce 3.4958 ema 3.6366 lr 1.12e-04 tok/s 25.5k elapsed 887s aux 1.167 load[min 0.023 max 0.500]
  eval step 5250 tokens 43.0M val 3.7716
step 5300/6103 ce 3.6387 ema 3.6076 lr 1.05e-04 tok/s 25.4k elapsed 924s aux 1.158 load[min 0.025 max 0.500]
step 5400/6103 ce 3.6455 ema 3.6206 lr 9.78e-05 tok/s 25.4k elapsed 954s aux 1.167 load[min 0.006 max 0.499]
step 5500/6103 ce 3.4771 ema 3.6111 lr 9.18e-05 tok/s 25.5k elapsed 984s aux 1.149 load[min 0.021 max 0.499]
  eval step 5500 tokens 45.1M val 3.7589
step 5600/6103 ce 3.5020 ema 3.6103 lr 8.68e-05 tok/s 25.3k elapsed 1022s aux 1.148 load[min 0.007 max 0.499]
step 5700/6103 ce 3.4941 ema 3.5966 lr 8.26e-05 tok/s 25.4k elapsed 1052s aux 1.159 load[min 0.013 max 0.500]
  eval step 5750 tokens 47.1M val 3.7464
step 5800/6103 ce 3.5350 ema 3.5903 lr 7.93e-05 tok/s 25.3k elapsed 1089s aux 1.148 load[min 0.014 max 0.499]
step 5900/6103 ce 3.5470 ema 3.5798 lr 7.69e-05 tok/s 25.3k elapsed 1119s aux 1.131 load[min 0.013 max 0.498]
step 6000/6103 ce 3.6683 ema 3.5906 lr 7.55e-05 tok/s 25.4k elapsed 1149s aux 1.140 load[min 0.016 max 0.500]
  eval step 6000 tokens 49.2M val 3.7351
step 6100/6103 ce 3.3648 ema 3.5737 lr 7.50e-05 tok/s 25.3k elapsed 1187s aux 1.138 load[min 0.006 max 0.499]
step 6103/6103 ce 3.6104 ema 3.5736 lr 7.50e-05 tok/s 25.3k elapsed 1187s aux 1.133 load[min 0.006 max 0.499]
  eval step 6103 tokens 50.0M val 3.7325
{
  "arm": "moe_8x_top2",
  "params": {
    "total": 111180288,
    "embedding": 4194304,
    "non_embedding": 106985984,
    "active_per_token": 35682816
  },
  "batch": 16,
  "seq": 512,
  "lr": 0.00075,
  "start_step": 2441,
  "end_step": 6103,
  "steps_total": 6103,
  "tokens_start": 19996672,
  "tokens_end": 49995776,
  "final_train_ce_ema": 3.5736051229018533,
  "final_val_loss_2M": 3.7345265602369646,
  "val_ppl": 41.86819879996547,
  "tokens_per_s": 25100.056648008063,
  "wall_s": 1195.5519387722015,
  "peak_mem_allocated_mb": 4530.81787109375,
  "gpu": "NVIDIA GeForce RTX 3060 Laptop GPU",
  "val_at_resume_dense_ckpt": 4.155643361513732,
  "val_at_resume_this_model": 4.155628184803197,
  "experts": 8,
  "topk": 2,
  "aux_coef": 0.01,
  "router_std": 0.02,
  "expert_divergence_per_layer": [
    0.38754840195178986,
    0.4277391731739044,
    0.41346634924411774,
    0.41179607808589935,
    0.400886133313179,
    0.3730551153421402
  ],
  "final_expert_load": [
    [
      0.00439453125,
      0.02099609375,
      0.1015625,
      0.22900390625,
      0.0576171875,
      0.49951171875,
      0.080078125,
      0.0068359375
    ],
    [
      0.10888671875,
      0.11865234375,
      0.16845703125,
      0.08447265625,
      0.13720703125,
      0.07421875,
      0.21826171875,
      0.08984375
    ],
    [
      0.15380859375,
      0.1416015625,
      0.06640625,
      0.16552734375,
      0.06298828125,
      0.10986328125,
      0.16357421875,
      0.13623046875
    ],
    [
      0.1328125,
      0.11865234375,
      0.109375,
      0.1640625,
      0.11767578125,
      0.1025390625,
      0.08740234375,
      0.16748046875
    ],
    [
      0.08935546875,
      0.14794921875,
      0.0673828125,
      0.0927734375,
      0.21826171875,
      0.14453125,
      0.0859375,
      0.15380859375
    ],
    [
      0.154296875,
      0.25927734375,
      0.05908203125,
      0.140625,
      0.06103515625,
      0.16552734375,
      0.13818359375,
      0.02197265625
    ]
  ]
}
resume at step 2441: dense ckpt val 4.15564 | dense_continue val 4.15564 (delta +0.00e+00)
arm=dense_continue params={'total': 23075328, 'embedding': 4194304, 'non_embedding': 18881024} steps 2441->6103 of 6103 lr=0.00075
step 2500/6103 ce 4.1564 ema 4.0718 lr 5.19e-04 tok/s 62.6k elapsed 8s
  eval step 2500 tokens 20.5M val 4.1576
step 2600/6103 ce 3.9975 ema 4.0454 lr 5.02e-04 tok/s 54.8k elapsed 24s
step 2700/6103 ce 3.9569 ema 4.0174 lr 4.85e-04 tok/s 57.1k elapsed 37s
  eval step 2750 tokens 22.5M val 4.1019
step 2800/6103 ce 4.1478 ema 4.0033 lr 4.68e-04 tok/s 54.8k elapsed 54s
step 2900/6103 ce 3.9828 ema 3.9786 lr 4.50e-04 tok/s 55.6k elapsed 68s
step 3000/6103 ce 4.0363 ema 3.9709 lr 4.33e-04 tok/s 56.1k elapsed 82s
  eval step 3000 tokens 24.6M val 4.0616
step 3100/6103 ce 3.9570 ema 3.9655 lr 4.15e-04 tok/s 54.9k elapsed 98s
step 3200/6103 ce 3.8911 ema 3.9109 lr 3.97e-04 tok/s 55.3k elapsed 112s
  eval step 3250 tokens 26.6M val 4.0182
step 3300/6103 ce 3.9340 ema 3.9135 lr 3.79e-04 tok/s 54.1k elapsed 130s
step 3400/6103 ce 3.9547 ema 3.9061 lr 3.62e-04 tok/s 54.5k elapsed 144s
step 3500/6103 ce 3.9474 ema 3.8704 lr 3.44e-04 tok/s 54.9k elapsed 158s
  eval step 3500 tokens 28.7M val 3.9827
step 3600/6103 ce 3.9606 ema 3.8832 lr 3.27e-04 tok/s 54.1k elapsed 175s
step 3700/6103 ce 3.8388 ema 3.8417 lr 3.10e-04 tok/s 54.4k elapsed 190s
  eval step 3750 tokens 30.7M val 3.9502
step 3800/6103 ce 3.9129 ema 3.8662 lr 2.93e-04 tok/s 53.8k elapsed 207s
step 3900/6103 ce 3.7632 ema 3.8144 lr 2.77e-04 tok/s 54.1k elapsed 221s
step 4000/6103 ce 4.0527 ema 3.8151 lr 2.61e-04 tok/s 54.4k elapsed 235s
  eval step 4000 tokens 32.8M val 3.9199
step 4100/6103 ce 3.8059 ema 3.7923 lr 2.45e-04 tok/s 53.4k elapsed 254s
step 4200/6103 ce 3.7543 ema 3.7867 lr 2.30e-04 tok/s 52.9k elapsed 272s
  eval step 4250 tokens 34.8M val 3.8929
step 4300/6103 ce 3.6730 ema 3.7800 lr 2.16e-04 tok/s 52.3k elapsed 291s
step 4400/6103 ce 3.7884 ema 3.7670 lr 2.01e-04 tok/s 52.4k elapsed 307s
step 4500/6103 ce 3.7458 ema 3.7231 lr 1.88e-04 tok/s 52.4k elapsed 322s
  eval step 4500 tokens 36.9M val 3.8663
step 4600/6103 ce 3.8677 ema 3.7714 lr 1.75e-04 tok/s 52.0k elapsed 340s
step 4700/6103 ce 3.5968 ema 3.7154 lr 1.63e-04 tok/s 52.1k elapsed 355s
  eval step 4750 tokens 38.9M val 3.8464
step 4800/6103 ce 3.7225 ema 3.7283 lr 1.51e-04 tok/s 51.8k elapsed 373s
step 4900/6103 ce 3.5167 ema 3.7320 lr 1.40e-04 tok/s 51.9k elapsed 388s
step 5000/6103 ce 3.8033 ema 3.6879 lr 1.30e-04 tok/s 51.8k elapsed 405s
  eval step 5000 tokens 41.0M val 3.8268
step 5100/6103 ce 3.6167 ema 3.6855 lr 1.21e-04 tok/s 51.0k elapsed 427s
step 5200/6103 ce 3.5543 ema 3.6993 lr 1.12e-04 tok/s 50.6k elapsed 447s
  eval step 5250 tokens 43.0M val 3.8111
step 5300/6103 ce 3.7018 ema 3.6691 lr 1.05e-04 tok/s 49.9k elapsed 470s
step 5400/6103 ce 3.7195 ema 3.6870 lr 9.78e-05 tok/s 49.7k elapsed 488s
step 5500/6103 ce 3.5575 ema 3.6774 lr 9.18e-05 tok/s 49.5k elapsed 506s
  eval step 5500 tokens 45.1M val 3.8010
step 5600/6103 ce 3.5749 ema 3.6762 lr 8.68e-05 tok/s 49.0k elapsed 528s
step 5700/6103 ce 3.5621 ema 3.6651 lr 8.26e-05 tok/s 48.9k elapsed 546s
  eval step 5750 tokens 47.1M val 3.7900
step 5800/6103 ce 3.6083 ema 3.6581 lr 7.93e-05 tok/s 48.5k elapsed 567s
step 5900/6103 ce 3.6181 ema 3.6505 lr 7.69e-05 tok/s 48.4k elapsed 585s
step 6000/6103 ce 3.7367 ema 3.6631 lr 7.55e-05 tok/s 48.3k elapsed 603s
  eval step 6000 tokens 49.2M val 3.7804
step 6100/6103 ce 3.4533 ema 3.6457 lr 7.50e-05 tok/s 47.9k elapsed 626s
step 6103/6103 ce 3.6779 ema 3.6456 lr 7.50e-05 tok/s 47.9k elapsed 627s
  eval step 6103 tokens 50.0M val 3.7778
{
  "arm": "dense_continue",
  "params": {
    "total": 23075328,
    "embedding": 4194304,
    "non_embedding": 18881024
  },
  "batch": 16,
  "seq": 512,
  "lr": 0.00075,
  "start_step": 2441,
  "end_step": 6103,
  "steps_total": 6103,
  "tokens_start": 19996672,
  "tokens_end": 49995776,
  "final_train_ce_ema": 3.6455966548433993,
  "final_val_loss_2M": 3.7800244200980426,
  "val_ppl": 43.81711174067375,
  "tokens_per_s": 47610.69168382051,
  "wall_s": 630.164294719696,
  "peak_mem_allocated_mb": 2215.81396484375,
  "gpu": "NVIDIA GeForce RTX 3060 Laptop GPU",
  "val_at_resume_dense_ckpt": 4.155643361513732,
  "val_at_resume_this_model": 4.155643361513732
}
