optimizer state copied for 38 tensors; fresh: ['blocks.0.mlp.router.weight', 'blocks.1.mlp.router.weight', 'blocks.2.mlp.router.weight', 'blocks.3.mlp.router.weight', 'blocks.4.mlp.router.weight', 'blocks.5.mlp.router.weight']
resume at step 2441: dense ckpt val 4.15564 | moe_8x_top2 val 4.15563 (delta -1.52e-05)
arm=moe_8x_top2 params={'total': 111180288, 'embedding': 4194304, 'non_embedding': 106985984, 'active_per_token': 35682816} steps 2441->6103 of 6103 lr=0.00075
optimizer state copied for 38 tensors; fresh: ['blocks.0.mlp.router.weight', 'blocks.1.mlp.router.weight', 'blocks.2.mlp.router.weight', 'blocks.3.mlp.router.weight', 'blocks.4.mlp.router.weight', 'blocks.5.mlp.router.weight']
resume at step 2441: dense ckpt val 4.15564 | moe_8x_top2 val 4.15563 (delta -1.52e-05)
arm=moe_8x_top2 params={'total': 111180288, 'embedding': 4194304, 'non_embedding': 106985984, 'active_per_token': 35682816} steps 2441->6103 of 6103 lr=0.00075
step 2500/6103 ce 4.1509 ema 4.0635 lr 5.19e-04 tok/s 33.5k elapsed 15s aux 1.022 max-load/layer 0.24 0.17 0.14 0.19 0.16 0.18
  eval step 2500 tokens 20.5M val 4.1452
step 2600/6103 ce 4.0166 ema 4.0552 lr 5.02e-04 tok/s 29.7k elapsed 44s aux 1.010 max-load/layer 0.17 0.16 0.18 0.17 0.15 0.15
step 2700/6103 ce 3.9639 ema 4.0328 lr 4.85e-04 tok/s 30.6k elapsed 70s aux 1.013 max-load/layer 0.21 0.17 0.16 0.16 0.16 0.17
  eval step 2750 tokens 22.5M val 4.1161
step 2800/6103 ce 4.1505 ema 4.0172 lr 4.68e-04 tok/s 29.3k elapsed 101s aux 1.014 max-load/layer 0.19 0.21 0.17 0.14 0.17 0.16
step 2900/6103 ce 3.9939 ema 3.9889 lr 4.50e-04 tok/s 29.7k elapsed 127s aux 1.012 max-load/layer 0.24 0.15 0.16 0.18 0.15 0.16
step 3000/6103 ce 4.0508 ema 3.9768 lr 4.33e-04 tok/s 29.9k elapsed 153s aux 1.026 max-load/layer 0.30 0.17 0.16 0.15 0.16 0.17
  eval step 3000 tokens 24.6M val 4.0684
step 3100/6103 ce 3.9596 ema 3.9694 lr 4.15e-04 tok/s 29.2k elapsed 185s aux 1.028 max-load/layer 0.31 0.15 0.16 0.14 0.16 0.20
step 3200/6103 ce 3.8945 ema 3.9085 lr 3.97e-04 tok/s 29.3k elapsed 212s aux 1.034 max-load/layer 0.33 0.18 0.17 0.16 0.15 0.15
  eval step 3250 tokens 26.6M val 4.0180
step 3300/6103 ce 3.9336 ema 3.9070 lr 3.79e-04 tok/s 28.8k elapsed 244s aux 1.035 max-load/layer 0.33 0.18 0.15 0.15 0.15 0.18
step 3400/6103 ce 3.9441 ema 3.8985 lr 3.62e-04 tok/s 29.0k elapsed 271s aux 1.038 max-load/layer 0.34 0.15 0.14 0.15 0.16 0.16
step 3500/6103 ce 3.9405 ema 3.8582 lr 3.44e-04 tok/s 29.1k elapsed 299s aux 1.036 max-load/layer 0.32 0.15 0.17 0.14 0.16 0.16
  eval step 3500 tokens 28.7M val 3.9755
step 3600/6103 ce 3.9481 ema 3.8679 lr 3.27e-04 tok/s 28.7k elapsed 331s aux 1.041 max-load/layer 0.32 0.17 0.18 0.15 0.16 0.17
step 3700/6103 ce 3.8182 ema 3.8218 lr 3.10e-04 tok/s 28.8k elapsed 358s aux 1.034 max-load/layer 0.33 0.14 0.15 0.15 0.14 0.18
  eval step 3750 tokens 30.7M val 3.9374
step 3800/6103 ce 3.8872 ema 3.8435 lr 2.93e-04 tok/s 28.5k elapsed 391s aux 1.036 max-load/layer 0.33 0.15 0.15 0.14 0.16 0.16
step 3900/6103 ce 3.7295 ema 3.7880 lr 2.77e-04 tok/s 28.6k elapsed 418s aux 1.037 max-load/layer 0.34 0.15 0.14 0.14 0.16 0.14
step 4000/6103 ce 4.0255 ema 3.7866 lr 2.61e-04 tok/s 28.7k elapsed 445s aux 1.036 max-load/layer 0.34 0.14 0.14 0.14 0.15 0.16
  eval step 4000 tokens 32.8M val 3.9028
step 4100/6103 ce 3.7566 ema 3.7597 lr 2.45e-04 tok/s 28.5k elapsed 478s aux 1.027 max-load/layer 0.33 0.15 0.14 0.14 0.14 0.15
step 4200/6103 ce 3.7192 ema 3.7512 lr 2.30e-04 tok/s 28.6k elapsed 505s aux 1.028 max-load/layer 0.33 0.14 0.15 0.14 0.15 0.14
  eval step 4250 tokens 34.8M val 3.8701
step 4300/6103 ce 3.6334 ema 3.7426 lr 2.16e-04 tok/s 28.4k elapsed 537s aux 1.030 max-load/layer 0.34 0.15 0.14 0.14 0.16 0.16
step 4400/6103 ce 3.7477 ema 3.7260 lr 2.01e-04 tok/s 28.4k elapsed 565s aux 1.030 max-load/layer 0.33 0.15 0.14 0.16 0.16 0.15
step 4500/6103 ce 3.7064 ema 3.6808 lr 1.88e-04 tok/s 28.5k elapsed 592s aux 1.026 max-load/layer 0.32 0.15 0.15 0.15 0.16 0.14
  eval step 4500 tokens 36.9M val 3.8402
step 4600/6103 ce 3.8161 ema 3.7265 lr 1.75e-04 tok/s 28.3k elapsed 624s aux 1.029 max-load/layer 0.33 0.13 0.15 0.14 0.16 0.15
step 4700/6103 ce 3.5222 ema 3.6663 lr 1.63e-04 tok/s 28.4k elapsed 652s aux 1.025 max-load/layer 0.33 0.14 0.15 0.15 0.15 0.15
  eval step 4750 tokens 38.9M val 3.8150
step 4800/6103 ce 3.6667 ema 3.6788 lr 1.51e-04 tok/s 28.2k elapsed 684s aux 1.023 max-load/layer 0.33 0.14 0.15 0.14 0.15 0.14
step 4900/6103 ce 3.4550 ema 3.6810 lr 1.40e-04 tok/s 28.3k elapsed 712s aux 1.020 max-load/layer 0.32 0.14 0.14 0.13 0.15 0.14
step 5000/6103 ce 3.7539 ema 3.6331 lr 1.30e-04 tok/s 28.4k elapsed 739s aux 1.021 max-load/layer 0.32 0.14 0.14 0.14 0.14 0.16
  eval step 5000 tokens 41.0M val 3.7921
step 5100/6103 ce 3.5545 ema 3.6276 lr 1.21e-04 tok/s 28.2k elapsed 772s aux 1.027 max-load/layer 0.32 0.17 0.14 0.14 0.15 0.14
step 5200/6103 ce 3.5008 ema 3.6389 lr 1.12e-04 tok/s 28.3k elapsed 800s aux 1.014 max-load/layer 0.31 0.14 0.14 0.14 0.14 0.15
  eval step 5250 tokens 43.0M val 3.7727
step 5300/6103 ce 3.6381 ema 3.6108 lr 1.05e-04 tok/s 28.1k elapsed 832s aux 1.016 max-load/layer 0.30 0.13 0.14 0.13 0.16 0.15
step 5400/6103 ce 3.6572 ema 3.6255 lr 9.78e-05 tok/s 28.2k elapsed 860s aux 1.012 max-load/layer 0.29 0.14 0.15 0.14 0.15 0.14
step 5500/6103 ce 3.4861 ema 3.6134 lr 9.18e-05 tok/s 28.2k elapsed 888s aux 1.018 max-load/layer 0.32 0.15 0.14 0.14 0.14 0.16
  eval step 5500 tokens 45.1M val 3.7609
step 5600/6103 ce 3.5047 ema 3.6132 lr 8.68e-05 tok/s 28.1k elapsed 920s aux 1.019 max-load/layer 0.31 0.15 0.14 0.14 0.13 0.18
step 5700/6103 ce 3.4932 ema 3.5993 lr 8.26e-05 tok/s 28.2k elapsed 948s aux 1.020 max-load/layer 0.31 0.14 0.14 0.13 0.15 0.16
  eval step 5750 tokens 47.1M val 3.7474
step 5800/6103 ce 3.5413 ema 3.5924 lr 7.93e-05 tok/s 28.1k elapsed 980s aux 1.014 max-load/layer 0.29 0.14 0.15 0.14 0.14 0.15
step 5900/6103 ce 3.5473 ema 3.5808 lr 7.69e-05 tok/s 28.1k elapsed 1007s aux 1.014 max-load/layer 0.30 0.14 0.15 0.14 0.15 0.14
step 6000/6103 ce 3.6683 ema 3.5939 lr 7.55e-05 tok/s 28.2k elapsed 1035s aux 1.016 max-load/layer 0.30 0.15 0.14 0.13 0.14 0.17
  eval step 6000 tokens 49.2M val 3.7367
step 6100/6103 ce 3.3606 ema 3.5742 lr 7.50e-05 tok/s 28.1k elapsed 1067s aux 1.010 max-load/layer 0.29 0.14 0.15 0.13 0.14 0.14
step 6103/6103 ce 3.6025 ema 3.5744 lr 7.50e-05 tok/s 28.1k elapsed 1068s aux 1.010 max-load/layer 0.29 0.13 0.14 0.14 0.14 0.14
  eval step 6103 tokens 50.0M val 3.7341
{
  "arm": "moe_8x_top2",
  "params": {
    "total": 111180288,
    "embedding": 4194304,
    "non_embedding": 106985984,
    "active_per_token": 35682816
  },
  "batch": 16,
  "seq": 512,
  "lr": 0.00075,
  "start_step": 2441,
  "end_step": 6103,
  "steps_total": 6103,
  "tokens_start": 19996672,
  "tokens_end": 49995776,
  "final_train_ce_ema": 3.5744369557269717,
  "final_val_loss_2M": 3.7366390426038048,
  "val_ppl": 41.95673811760924,
  "tokens_per_s": 27974.58791652877,
  "wall_s": 1072.7449288368225,
  "peak_mem_allocated_mb": 4261.07177734375,
  "gpu": "NVIDIA GeForce RTX 3060 Laptop GPU",
  "val_at_resume_dense_ckpt": 4.155643361513732,
  "val_at_resume_this_model": 4.155628184803197,
  "experts": 8,
  "topk": 2,
  "aux_coef": 0.05,
  "router_std": 0.02,
  "expert_divergence_per_layer": [
    0.347554475069046,
    0.43178990483283997,
    0.41265393793582916,
    0.4107227325439453,
    0.3993275612592697,
    0.368394136428833
  ],
  "final_expert_load": [
    [
      0.08203125,
      0.0966796875,
      0.09912109375,
      0.18603515625,
      0.2890625,
      0.10693359375,
      0.10302734375,
      0.037109375
    ],
    [
      0.12060546875,
      0.14453125,
      0.17333984375,
      0.064453125,
      0.16650390625,
      0.10107421875,
      0.123046875,
      0.1064453125
    ],
    [
      0.1240234375,
      0.11767578125,
      0.087890625,
      0.16162109375,
      0.109375,
      0.10986328125,
      0.146484375,
      0.14306640625
    ],
    [
      0.12841796875,
      0.11181640625,
      0.12109375,
      0.13427734375,
      0.11669921875,
      0.1162109375,
      0.14599609375,
      0.12548828125
    ],
    [
      0.12548828125,
      0.14453125,
      0.06591796875,
      0.0673828125,
      0.2001953125,
      0.1201171875,
      0.0888671875,
      0.1875
    ],
    [
      0.18896484375,
      0.19873046875,
      0.1259765625,
      0.0908203125,
      0.05908203125,
      0.1083984375,
      0.13427734375,
      0.09375
    ]
  ]
}
