arch=baseline params={'total': 23075328, 'embedding': 4194304, 'non_embedding': 18881024} batch=16 seq=512 steps=6103 lr=0.00075
step 10/6103 loss 8.3562 ema 8.9471 lr 6.15e-05 tok/s 94.5k elapsed 1s
step 20/6103 loss 7.9528 ema 8.6140 lr 1.23e-04 tok/s 80.7k elapsed 3s
step 30/6103 loss 7.5468 ema 8.2428 lr 1.84e-04 tok/s 78.4k elapsed 4s
step 40/6103 loss 7.0723 ema 7.8540 lr 2.46e-04 tok/s 77.4k elapsed 5s
step 50/6103 loss 6.9670 ema 7.5327 lr 3.07e-04 tok/s 76.9k elapsed 6s
step 60/6103 loss 6.9668 ema 7.2947 lr 3.69e-04 tok/s 76.5k elapsed 7s
step 70/6103 loss 6.9410 ema 7.1184 lr 4.30e-04 tok/s 76.3k elapsed 8s
step 80/6103 loss 6.5763 ema 6.9458 lr 4.92e-04 tok/s 76.1k elapsed 9s
step 90/6103 loss 6.4806 ema 6.7924 lr 5.53e-04 tok/s 75.9k elapsed 10s
step 100/6103 loss 6.4033 ema 6.6498 lr 6.15e-04 tok/s 75.8k elapsed 11s
step 110/6103 loss 6.3942 ema 6.5528 lr 6.76e-04 tok/s 75.7k elapsed 12s
step 120/6103 loss 6.3036 ema 6.4486 lr 7.38e-04 tok/s 75.6k elapsed 14s
step 130/6103 loss 6.2219 ema 6.3685 lr 7.50e-04 tok/s 75.5k elapsed 15s
step 140/6103 loss 6.1559 ema 6.2934 lr 7.50e-04 tok/s 75.4k elapsed 16s
step 150/6103 loss 5.9878 ema 6.2258 lr 7.50e-04 tok/s 75.3k elapsed 17s
step 160/6103 loss 6.0866 ema 6.1687 lr 7.50e-04 tok/s 75.3k elapsed 18s
step 170/6103 loss 6.0123 ema 6.1098 lr 7.50e-04 tok/s 75.2k elapsed 19s
step 180/6103 loss 5.9435 ema 6.0550 lr 7.50e-04 tok/s 75.2k elapsed 20s
step 190/6103 loss 5.8540 ema 6.0064 lr 7.50e-04 tok/s 75.1k elapsed 21s
step 200/6103 loss 5.9205 ema 5.9634 lr 7.50e-04 tok/s 75.1k elapsed 22s
step 210/6103 loss 5.8020 ema 5.9271 lr 7.50e-04 tok/s 75.1k elapsed 23s
step 220/6103 loss 5.8820 ema 5.8860 lr 7.50e-04 tok/s 75.0k elapsed 25s
step 230/6103 loss 5.8675 ema 5.8457 lr 7.49e-04 tok/s 74.9k elapsed 26s
THERMAL GUARD: stopping at step 239/6103: throttled: 86C 1747MHz sw_thermal_slowdown=True
{
  "arch": "baseline",
  "batch": 16,
  "seq": 512,
  "tokens_planned": 49995776,
  "steps_planned": 6103,
  "steps_done": 239,
  "tokens_done": 1957888,
  "tokens": 1957888,
  "steps": 239,
  "lr": 0.00075,
  "params": {
    "total": 23075328,
    "embedding": 4194304,
    "non_embedding": 18881024
  },
  "final_train_loss_ema": 5.811741759700178,
  "final_val_loss": null,
  "val_ppl": null,
  "tokens_per_s": 74838.3037872757,
  "peak_mem_allocated_mb": 2129.78369140625,
  "peak_mem_reserved_mb": 2348.0,
  "wall_s": 26.655410289764404,
  "gpu": "NVIDIA GeForce RTX 3060 Laptop GPU",
  "torch": "2.10.0+cu126",
  "seed": 1234,
  "stopped_reason": "throttled: 86C 1747MHz sw_thermal_slowdown=True",
  "guard_samples_n": 14
}

--- stderr ---
